Archive member included because of file (symbol)

/home/nika/Software/SimplicityStudio4/SimplicityStudio_v4/developer/toolchains/gnu_arm/4.8_2013q4/bin/../lib/gcc/arm-none-eabi/4.8.3/armv6-m/libgcc.a(_udivsi3.o)
                              ./Drivers/displaypalemlib.o (__aeabi_uidiv)
/home/nika/Software/SimplicityStudio4/SimplicityStudio_v4/developer/toolchains/gnu_arm/4.8_2013q4/bin/../lib/gcc/arm-none-eabi/4.8.3/armv6-m/libgcc.a(_dvmd_tls.o)
                              /home/nika/Software/SimplicityStudio4/SimplicityStudio_v4/developer/toolchains/gnu_arm/4.8_2013q4/bin/../lib/gcc/arm-none-eabi/4.8.3/armv6-m/libgcc.a(_udivsi3.o) (__aeabi_idiv0)
/home/nika/Software/SimplicityStudio4/SimplicityStudio_v4/developer/toolchains/gnu_arm/4.8_2013q4/bin/../lib/gcc/arm-none-eabi/4.8.3/armv6-m/libgcc.a(_clzsi2.o)
                              ./emlib/em_cmu.o (__clzsi2)
/home/nika/Software/SimplicityStudio4/SimplicityStudio_v4/developer/toolchains/gnu_arm/4.8_2013q4/bin/../lib/gcc/arm-none-eabi/4.8.3/armv6-m/libgcc.a(_aeabi_uldivmod.o)
                              ./emlib/em_usart.o (__aeabi_uldivmod)
/home/nika/Software/SimplicityStudio4/SimplicityStudio_v4/developer/toolchains/gnu_arm/4.8_2013q4/bin/../lib/gcc/arm-none-eabi/4.8.3/armv6-m/libgcc.a(_muldi3.o)
                              ./emlib/em_usart.o (__aeabi_lmul)
/home/nika/Software/SimplicityStudio4/SimplicityStudio_v4/developer/toolchains/gnu_arm/4.8_2013q4/bin/../lib/gcc/arm-none-eabi/4.8.3/armv6-m/libgcc.a(bpabi.o)
                              /home/nika/Software/SimplicityStudio4/SimplicityStudio_v4/developer/toolchains/gnu_arm/4.8_2013q4/bin/../lib/gcc/arm-none-eabi/4.8.3/armv6-m/libgcc.a(_aeabi_uldivmod.o) (__gnu_uldivmod_helper)
/home/nika/Software/SimplicityStudio4/SimplicityStudio_v4/developer/toolchains/gnu_arm/4.8_2013q4/bin/../lib/gcc/arm-none-eabi/4.8.3/armv6-m/libgcc.a(_divdi3.o)
                              /home/nika/Software/SimplicityStudio4/SimplicityStudio_v4/developer/toolchains/gnu_arm/4.8_2013q4/bin/../lib/gcc/arm-none-eabi/4.8.3/armv6-m/libgcc.a(bpabi.o) (__divdi3)
/home/nika/Software/SimplicityStudio4/SimplicityStudio_v4/developer/toolchains/gnu_arm/4.8_2013q4/bin/../lib/gcc/arm-none-eabi/4.8.3/armv6-m/libgcc.a(_udivdi3.o)
                              /home/nika/Software/SimplicityStudio4/SimplicityStudio_v4/developer/toolchains/gnu_arm/4.8_2013q4/bin/../lib/gcc/arm-none-eabi/4.8.3/armv6-m/libgcc.a(bpabi.o) (__udivdi3)
/home/nika/Software/SimplicityStudio4/SimplicityStudio_v4/developer/toolchains/gnu_arm/4.8_2013q4/bin/../lib/gcc/arm-none-eabi/4.8.3/../../../../arm-none-eabi/lib/armv6-m/libc_s.a(lib_a-ctype_.o)
                              ./Drivers/textdisplay.o (__ctype_ptr__)
/home/nika/Software/SimplicityStudio4/SimplicityStudio_v4/developer/toolchains/gnu_arm/4.8_2013q4/bin/../lib/gcc/arm-none-eabi/4.8.3/../../../../arm-none-eabi/lib/armv6-m/libc_s.a(lib_a-exit.o)
                              /home/nika/Software/SimplicityStudio4/SimplicityStudio_v4/developer/toolchains/gnu_arm/4.8_2013q4/bin/../lib/gcc/arm-none-eabi/4.8.3/../../../../arm-none-eabi/lib/armv6-m/crt0.o (exit)
/home/nika/Software/SimplicityStudio4/SimplicityStudio_v4/developer/toolchains/gnu_arm/4.8_2013q4/bin/../lib/gcc/arm-none-eabi/4.8.3/../../../../arm-none-eabi/lib/armv6-m/libc_s.a(lib_a-fileno.o)
                              ./Drivers/retargetio.o (fileno)
/home/nika/Software/SimplicityStudio4/SimplicityStudio_v4/developer/toolchains/gnu_arm/4.8_2013q4/bin/../lib/gcc/arm-none-eabi/4.8.3/../../../../arm-none-eabi/lib/armv6-m/libc_s.a(lib_a-findfp.o)
                              /home/nika/Software/SimplicityStudio4/SimplicityStudio_v4/developer/toolchains/gnu_arm/4.8_2013q4/bin/../lib/gcc/arm-none-eabi/4.8.3/../../../../arm-none-eabi/lib/armv6-m/libc_s.a(lib_a-fileno.o) (__sinit)
/home/nika/Software/SimplicityStudio4/SimplicityStudio_v4/developer/toolchains/gnu_arm/4.8_2013q4/bin/../lib/gcc/arm-none-eabi/4.8.3/../../../../arm-none-eabi/lib/armv6-m/libc_s.a(lib_a-fwalk.o)
                              /home/nika/Software/SimplicityStudio4/SimplicityStudio_v4/developer/toolchains/gnu_arm/4.8_2013q4/bin/../lib/gcc/arm-none-eabi/4.8.3/../../../../arm-none-eabi/lib/armv6-m/libc_s.a(lib_a-findfp.o) (_fwalk)
/home/nika/Software/SimplicityStudio4/SimplicityStudio_v4/developer/toolchains/gnu_arm/4.8_2013q4/bin/../lib/gcc/arm-none-eabi/4.8.3/../../../../arm-none-eabi/lib/armv6-m/libc_s.a(lib_a-impure.o)
                              /home/nika/Software/SimplicityStudio4/SimplicityStudio_v4/developer/toolchains/gnu_arm/4.8_2013q4/bin/../lib/gcc/arm-none-eabi/4.8.3/../../../../arm-none-eabi/lib/armv6-m/libc_s.a(lib_a-exit.o) (_global_impure_ptr)
/home/nika/Software/SimplicityStudio4/SimplicityStudio_v4/developer/toolchains/gnu_arm/4.8_2013q4/bin/../lib/gcc/arm-none-eabi/4.8.3/../../../../arm-none-eabi/lib/armv6-m/libc_s.a(lib_a-init.o)
[...]
Memory Configuration

Name             Origin             Length             Attributes
FLASH            0x00000000         0x00008000         xr
RAM              0x20000000         0x00001000         xrw
*default*        0x00000000         0xffffffff

Linker script and memory map

LOAD /home/nika/Software/SimplicityStudio4/SimplicityStudio_v4/developer/toolchains/gnu_arm/4.8_2013q4/bin/../lib/gcc/arm-none-eabi/4.8.3/armv6-m/crti.o
LOAD /home/nika/Software/SimplicityStudio4/SimplicityStudio_v4/developer/toolchains/gnu_arm/4.8_2013q4/bin/../lib/gcc/arm-none-eabi/4.8.3/armv6-m/crtbegin.o
LOAD /home/nika/Software/SimplicityStudio4/SimplicityStudio_v4/developer/toolchains/gnu_arm/4.8_2013q4/bin/../lib/gcc/arm-none-eabi/4.8.3/../../../../arm-none-eabi/lib/armv6-m/crt0.o
LOAD ./BSP/bsp_bcc.o
LOAD ./BSP/bsp_stk.o
LOAD ./BSP/bsp_stk_leds.o
LOAD ./CMSIS/EFM32ZG/startup_gcc_efm32zg.o
LOAD ./CMSIS/EFM32ZG/system_efm32zg.o
LOAD ./Drivers/display.o
LOAD ./Drivers/displayls013b7dh03.o
LOAD ./Drivers/displaypalemlib.o
LOAD ./Drivers/retargetio.o
LOAD ./Drivers/retargettextdisplay.o
LOAD ./Drivers/textdisplay.o
LOAD ./Drivers/udelay.o
LOAD ./emlib/em_assert.o
LOAD ./emlib/em_cmu.o
LOAD ./emlib/em_ebi.o
LOAD ./emlib/em_emu.o
LOAD ./emlib/em_gpio.o
LOAD ./emlib/em_int.o
LOAD ./emlib/em_leuart.o
LOAD ./emlib/em_prs.o
LOAD ./emlib/em_rtc.o
LOAD ./emlib/em_system.o
LOAD ./emlib/em_usart.o
LOAD ./src/main.o
START GROUP
LOAD /home/nika/Software/SimplicityStudio4/SimplicityStudio_v4/developer/toolchains/gnu_arm/4.8_2013q4/bin/../lib/gcc/arm-none-eabi/4.8.3/armv6-m/libgcc.a
LOAD /home/nika/Software/SimplicityStudio4/SimplicityStudio_v4/developer/toolchains/gnu_arm/4.8_2013q4/bin/../lib/gcc/arm-none-eabi/4.8.3/../../../../arm-none-eabi/lib/armv6-m/libc_s.a
LOAD /home/nika/Software/SimplicityStudio4/SimplicityStudio_v4/developer/toolchains/gnu_arm/4.8_2013q4/bin/../lib/gcc/arm-none-eabi/4.8.3/../../../../arm-none-eabi/lib/armv6-m/libnosys.a
END GROUP
START GROUP
LOAD /home/nika/Software/SimplicityStudio4/SimplicityStudio_v4/developer/toolchains/gnu_arm/4.8_2013q4/bin/../lib/gcc/arm-none-eabi/4.8.3/armv6-m/libgcc.a
LOAD /home/nika/Software/SimplicityStudio4/SimplicityStudio_v4/developer/toolchains/gnu_arm/4.8_2013q4/bin/../lib/gcc/arm-none-eabi/4.8.3/../../../../arm-none-eabi/lib/armv6-m/libg_s.a
LOAD /home/nika/Software/SimplicityStudio4/SimplicityStudio_v4/developer/toolchains/gnu_arm/4.8_2013q4/bin/../lib/gcc/arm-none-eabi/4.8.3/../../../../arm-none-eabi/lib/armv6-m/libc_s.a
END GROUP
START GROUP
LOAD /home/nika/Software/SimplicityStudio4/SimplicityStudio_v4/developer/toolchains/gnu_arm/4.8_2013q4/bin/../lib/gcc/arm-none-eabi/4.8.3/armv6-m/libgcc.a
LOAD /home/nika/Software/SimplicityStudio4/SimplicityStudio_v4/developer/toolchains/gnu_arm/4.8_2013q4/bin/../lib/gcc/arm-none-eabi/4.8.3/../../../../arm-none-eabi/lib/armv6-m/libc_s.a
END GROUP
LOAD /home/nika/Software/SimplicityStudio4/SimplicityStudio_v4/developer/toolchains/gnu_arm/4.8_2013q4/bin/../lib/gcc/arm-none-eabi/4.8.3/armv6-m/crtend.o
LOAD /home/nika/Software/SimplicityStudio4/SimplicityStudio_v4/developer/toolchains/gnu_arm/4.8_2013q4/bin/../lib/gcc/arm-none-eabi/4.8.3/armv6-m/crtn.o

.text           0x00000000     0x40d4
 *(.vectors)
 .vectors       0x00000000       0x8c ./CMSIS/EFM32ZG/startup_gcc_efm32zg.o
                0x00000000                __Vectors
                0x0000008c                __Vectors_End = .
                0x0000008c                __Vectors_Size = (__Vectors_End - __Vectors)
                0x0000008c                __end__ = .
 *(.text*)
 .text          0x0000008c       0x60 /home/nika/Software/SimplicityStudio4/SimplicityStudio_v4/developer/toolchains/gnu_arm/4.8_2013q4/bin/../lib/gcc/arm-none-eabi/4.8.3/armv6-m/crtbegin.o
 .text          0x000000ec       0x78 /home/nika/Software/SimplicityStudio4/SimplicityStudio_v4/developer/toolchains/gnu_arm/4.8_2013q4/bin/../lib/gcc/arm-none-eabi/4.8.3/../../../../arm-none-eabi/lib/armv6-m/crt0.o
                0x000000ec                _mainCRTStartup
                0x000000ec                _start
 .text.BSP_BccInit
                0x00000164       0xa8 ./BSP/bsp_bcc.o
                0x00000164                BSP_BccInit
 .text.BSP_Init
                0x0000020c       0x10 ./BSP/bsp_stk.o
                0x0000020c                BSP_Init
 .text.BSP_LedsInit
                0x0000021c       0x38 ./BSP/bsp_stk_leds.o
                0x0000021c                BSP_LedsInit
 .text.BSP_LedsSet
                0x00000254      0x108 ./BSP/bsp_stk_leds.o
                0x00000254                BSP_LedsSet
 .text          0x0000035c       0x30 ./CMSIS/EFM32ZG/startup_gcc_efm32zg.o
                0x0000035c                Reset_Handler
                0x00000388                I2C0_IRQHandler
                0x00000388                HardFault_Handler
                0x00000388                USART1_RX_IRQHandler
                0x00000388                PendSV_Handler
                0x00000388                NMI_Handler
                0x00000388                USART1_TX_IRQHandler
                0x00000388                MSC_IRQHandler
                0x00000388                ADC0_IRQHandler
                0x00000388                LEUART0_IRQHandler
                0x00000388                GPIO_EVEN_IRQHandler
                0x00000388                RTC_IRQHandler
                0x00000388                TIMER0_IRQHandler
                0x00000388                TIMER1_IRQHandler
                0x00000388                Default_Handler
                0x00000388                PCNT0_IRQHandler
                0x00000388                ACMP0_IRQHandler
                0x00000388                SVC_Handler
                0x00000388                CMU_IRQHandler
                0x00000388                GPIO_ODD_IRQHandler
                0x00000388                AES_IRQHandler
                0x00000388                VCMP_IRQHandler
                0x00000388                DMA_IRQHandler
 .text.SystemCoreClockGet
                0x0000038c       0xb0 ./CMSIS/EFM32ZG/system_efm32zg.o
                0x0000038c                SystemCoreClockGet
 .text.SystemMaxCoreClockGet
                0x0000043c        0x8 ./CMSIS/EFM32ZG/system_efm32zg.o
                0x0000043c                SystemMaxCoreClockGet
 .text.SystemHFClockGet
                0x00000444       0x9c ./CMSIS/EFM32ZG/system_efm32zg.o
                0x00000444                SystemHFClockGet
 .text.SystemInit
                0x000004e0        0x4 ./CMSIS/EFM32ZG/system_efm32zg.o
                0x000004e0                SystemInit
 .text.SystemLFRCOClockGet
                0x000004e4        0x8 ./CMSIS/EFM32ZG/system_efm32zg.o
                0x000004e4                SystemLFRCOClockGet
 .text.SystemULFRCOClockGet
                0x000004ec        0x8 ./CMSIS/EFM32ZG/system_efm32zg.o
                0x000004ec                SystemULFRCOClockGet
 .text.SystemLFXOClockGet
                0x000004f4        0xc ./CMSIS/EFM32ZG/system_efm32zg.o
                0x000004f4                SystemLFXOClockGet
 .text.DISPLAY_Init
                0x00000500       0x38 ./Drivers/display.o
                0x00000500                DISPLAY_Init
 .text.DISPLAY_DeviceGet
                0x00000538       0x3c ./Drivers/display.o
                0x00000538                DISPLAY_DeviceGet
 .text.DISPLAY_DeviceRegister
                0x00000574       0x48 ./Drivers/display.o
                0x00000574                DISPLAY_DeviceRegister
 .text.PixelMatrixAllocate
                0x000005bc       0x3c ./Drivers/displayls013b7dh03.o
 .text.PixelMatrixFree
                0x000005f8        0x8 ./Drivers/displayls013b7dh03.o
 .text.DriverRefresh
                0x00000600       0x10 ./Drivers/displayls013b7dh03.o
 .text.PixelMatrixClear
                0x00000610       0x24 ./Drivers/displayls013b7dh03.o
 .text.PixelMatrixDraw
                0x00000634       0x94 ./Drivers/displayls013b7dh03.o
 .text.DisplayEnable
                0x000006c8       0x2c ./Drivers/displayls013b7dh03.o
 .text.DISPLAY_Ls013b7dh03Init
                0x000006f4       0xf8 ./Drivers/displayls013b7dh03.o
                0x000006f4                DISPLAY_Ls013b7dh03Init
 .text.PAL_SpiInit
                0x000007ec       0x44 ./Drivers/displaypalemlib.o
                0x000007ec                PAL_SpiInit
 .text.PAL_SpiTransmit
                0x00000830       0x44 ./Drivers/displaypalemlib.o
                0x00000830                PAL_SpiTransmit
 .text.PAL_TimerInit
                0x00000874        0xc ./Drivers/displaypalemlib.o
                0x00000874                PAL_TimerInit
 .text.PAL_TimerMicroSecondsDelay
                0x00000880        0xc ./Drivers/displaypalemlib.o
                0x00000880                PAL_TimerMicroSecondsDelay
 .text.PAL_GpioInit
                0x0000088c       0x14 ./Drivers/displaypalemlib.o
                0x0000088c                PAL_GpioInit
 .text.PAL_GpioPinModeSet
                0x000008a0       0x1c ./Drivers/displaypalemlib.o
                0x000008a0                PAL_GpioPinModeSet
 .text.PAL_GpioPinOutSet
                0x000008bc       0x80 ./Drivers/displaypalemlib.o
                0x000008bc                PAL_GpioPinOutSet
 .text.PAL_GpioPinOutClear
                0x0000093c       0x80 ./Drivers/displaypalemlib.o
                0x0000093c                PAL_GpioPinOutClear
 .text.PAL_GpioPinAutoToggle
                0x000009bc       0xc8 ./Drivers/displaypalemlib.o
                0x000009bc                PAL_GpioPinAutoToggle
 .text._close   0x00000a84        0x4 ./Drivers/retargetio.o
                0x00000a84                _close
 .text._exit    0x00000a88        0x4 ./Drivers/retargetio.o
                0x00000a88                _exit
 .text._fstat   0x00000a8c        0xc ./Drivers/retargetio.o
                0x00000a8c                _fstat
 .text._isatty  0x00000a98        0x4 ./Drivers/retargetio.o
                0x00000a98                _isatty
 .text._lseek   0x00000a9c        0x4 ./Drivers/retargetio.o
                0x00000a9c                _lseek
 .text._read    0x00000aa0       0x30 ./Drivers/retargetio.o
                0x00000aa0                _read
 .text._sbrk    0x00000ad0       0x54 ./Drivers/retargetio.o
                0x00000ad0                _sbrk
 .text._write   0x00000b24       0x1c ./Drivers/retargetio.o
                0x00000b24                _write
 .text.RETARGET_TextDisplayInit
                0x00000b40       0x44 ./Drivers/retargettextdisplay.o
                0x00000b40                RETARGET_TextDisplayInit
 .text.RETARGET_ReadChar
                0x00000b84        0x8 ./Drivers/retargettextdisplay.o
                0x00000b84                RETARGET_ReadChar
 .text.RETARGET_WriteChar
                0x00000b8c       0x20 ./Drivers/retargettextdisplay.o
                0x00000b8c                RETARGET_WriteChar
 .text.TextdisplayLineDraw
                0x00000bac      0x2bc ./Drivers/textdisplay.o
 .text.TextdisplayUpdate
                0x00000e68       0xb8 ./Drivers/textdisplay.o
 .text.TextdisplayCharAdd
                0x00000f20      0x2f4 ./Drivers/textdisplay.o
 .text.TEXTDISPLAY_New
                0x00001214      0x130 ./Drivers/textdisplay.o
                0x00001214                TEXTDISPLAY_New
 .text.TEXTDISPLAY_WriteChar
                0x00001344      0x398 ./Drivers/textdisplay.o
                0x00001344                TEXTDISPLAY_WriteChar
 .text.UDELAY_Calibrate
                0x000016dc      0x1f8 ./Drivers/udelay.o
                0x000016dc                UDELAY_Calibrate
 .text.UDELAY_Delay
                0x000018d4       0x28 ./Drivers/udelay.o
                0x000018d4                UDELAY_Delay
 .text.assertEFM
                0x000018fc        0x4 ./emlib/em_assert.o
                0x000018fc                assertEFM
 .text.lfClkGet
                0x00001900      0x15c ./emlib/em_cmu.o
 .text.CMU_ClockDivGet
                0x00001a5c       0x9c ./emlib/em_cmu.o
                0x00001a5c                CMU_ClockDivGet
 .text.CMU_ClockDivSet
                0x00001af8      0x214 ./emlib/em_cmu.o
                0x00001af8                CMU_ClockDivSet
 .text.CMU_ClockEnable
                0x00001d0c       0x8c ./emlib/em_cmu.o
                0x00001d0c                CMU_ClockEnable
 .text.CMU_ClockFreqGet
                0x00001d98      0x1d0 ./emlib/em_cmu.o
                0x00001d98                CMU_ClockFreqGet
 .text.CMU_ClockSelectGet
                0x00001f68       0xac ./emlib/em_cmu.o
                0x00001f68                CMU_ClockSelectGet
 .text.CMU_ClockSelectSet
                0x00002014      0x1b0 ./emlib/em_cmu.o
                0x00002014                CMU_ClockSelectSet
 .text.CMU_OscillatorEnable
                0x000021c4       0x7c ./emlib/em_cmu.o
                0x000021c4                CMU_OscillatorEnable
 .text.EMU_UpdateOscConfig
                0x00002240       0x14 ./emlib/em_emu.o
                0x00002240                EMU_UpdateOscConfig
 .text.GPIO_PinModeSet
                0x00002254      0x234 ./emlib/em_gpio.o
                0x00002254                GPIO_PinModeSet
 .text.LEUART_Init
                0x00002488       0xd4 ./emlib/em_leuart.o
                0x00002488                LEUART_Init
 .text.PRS_SourceAsyncSignalSet
                0x0000255c       0x38 ./emlib/em_prs.o
                0x0000255c                PRS_SourceAsyncSignalSet
 .text.RTC_CompareSet
                0x00002594       0x3c ./emlib/em_rtc.o
                0x00002594                RTC_CompareSet
 .text.RTC_Enable
                0x000025d0       0x14 ./emlib/em_rtc.o
                0x000025d0                RTC_Enable
 .text.RTC_FreezeEnable
                0x000025e4       0x18 ./emlib/em_rtc.o
                0x000025e4                RTC_FreezeEnable
 .text.RTC_Init
                0x000025fc       0x20 ./emlib/em_rtc.o
                0x000025fc                RTC_Init
 .text.RTC_CounterReset
                0x0000261c       0x18 ./emlib/em_rtc.o
                0x0000261c                RTC_CounterReset
 .text.USART_InitSync
                0x00002634      0x11c ./emlib/em_usart.o
                0x00002634                USART_InitSync
 .text.USART_Tx
                0x00002750        0xc ./emlib/em_usart.o
                0x00002750                USART_Tx
 .text.USART_TxDouble
                0x0000275c        0xc ./emlib/em_usart.o
                0x0000275c                USART_TxDouble
 .text.SysTick_Handler
                0x00002768       0x10 ./src/main.o
                0x00002768                SysTick_Handler
 .text.startup.main
                0x00002778      0x104 ./src/main.o
                0x00002778                main
 .text          0x0000287c       0x9c /home/nika/Software/SimplicityStudio4/SimplicityStudio_v4/developer/toolchains/gnu_arm/4.8_2013q4/bin/../lib/gcc/arm-none-eabi/4.8.3/armv6-m/libgcc.a(_udivsi3.o)
                0x0000287c                __udivsi3
                0x0000287c                __aeabi_uidiv
                0x00002904                __aeabi_uidivmod
 .text          0x00002918        0x4 /home/nika/Software/SimplicityStudio4/SimplicityStudio_v4/developer/toolchains/gnu_arm/4.8_2013q4/bin/../lib/gcc/arm-none-eabi/4.8.3/armv6-m/libgcc.a(_dvmd_tls.o)
                0x00002918                __aeabi_ldiv0
                0x00002918                __aeabi_idiv0
 .text          0x0000291c       0x3c /home/nika/Software/SimplicityStudio4/SimplicityStudio_v4/developer/toolchains/gnu_arm/4.8_2013q4/bin/../lib/gcc/arm-none-eabi/4.8.3/armv6-m/libgcc.a(_clzsi2.o)
                0x0000291c                __clzsi2
 .text.exit     0x00002958       0x2c /home/nika/Software/SimplicityStudio4/SimplicityStudio_v4/developer/toolchains/gnu_arm/4.8_2013q4/bin/../lib/gcc/arm-none-eabi/4.8.3/../../../../arm-none-eabi/lib/armv6-m/libc_s.a(lib_a-exit.o)
                0x00002958                exit
 .text.fileno   0x00002984       0x60 /home/nika/Software/SimplicityStudio4/SimplicityStudio_v4/developer/toolchains/gnu_arm/4.8_2013q4/bin/../lib/gcc/arm-none-eabi/4.8.3/../../../../arm-none-eabi/lib/armv6-m/libc_s.a(lib_a-fileno.o)
                0x00002984                fileno
 .text._cleanup_r
                0x000029e4       0x34 /home/nika/Software/SimplicityStudio4/SimplicityStudio_v4/developer/toolchains/gnu_arm/4.8_2013q4/bin/../lib/gcc/arm-none-eabi/4.8.3/../../../../arm-none-eabi/lib/armv6-m/libc_s.a(lib_a-findfp.o)
                0x000029e4                _cleanup_r
 .text.std.isra.0
                0x00002a18       0x48 /home/nika/Software/SimplicityStudio4/SimplicityStudio_v4/developer/toolchains/gnu_arm/4.8_2013q4/bin/../lib/gcc/arm-none-eabi/4.8.3/../../../../arm-none-eabi/lib/armv6-m/libc_s.a(lib_a-findfp.o)
 .text.__sfmoreglue
                0x00002a60       0x2c /home/nika/Software/SimplicityStudio4/SimplicityStudio_v4/developer/toolchains/gnu_arm/4.8_2013q4/bin/../lib/gcc/arm-none-eabi/4.8.3/../../../../arm-none-eabi/lib/armv6-m/libc_s.a(lib_a-findfp.o)
                0x00002a60                __sfmoreglue
 .text.__sinit  0x00002a8c       0x64 /home/nika/Software/SimplicityStudio4/SimplicityStudio_v4/developer/toolchains/gnu_arm/4.8_2013q4/bin/../lib/gcc/arm-none-eabi/4.8.3/../../../../arm-none-eabi/lib/armv6-m/libc_s.a(lib_a-findfp.o)
                0x00002a8c                __sinit
 .text.__sfp    0x00002af0       0x7c /home/nika/Software/SimplicityStudio4/SimplicityStudio_v4/developer/toolchains/gnu_arm/4.8_2013q4/bin/../lib/gcc/arm-none-eabi/4.8.3/../../../../arm-none-eabi/lib/armv6-m/libc_s.a(lib_a-findfp.o)
                0x00002af0                __sfp
 .text.__libc_init_array
                0x00002b6c       0x4c /home/nika/Software/SimplicityStudio4/SimplicityStudio_v4/developer/toolchains/gnu_arm/4.8_2013q4/bin/../lib/gcc/arm-none-eabi/4.8.3/../../../../arm-none-eabi/lib/armv6-m/libc_s.a(lib_a-init.o)
                0x00002b6c                __libc_init_array
 .text.memcpy   0x00002bb8       0x12 /home/nika/Software/SimplicityStudio4/SimplicityStudio_v4/developer/toolchains/gnu_arm/4.8_2013q4/bin/../lib/gcc/arm-none-eabi/4.8.3/../../../../arm-none-eabi/lib/armv6-m/libc_s.a(lib_a-memcpy-stub.o)
                0x00002bb8                memcpy
 .text.memset   0x00002bca       0x10 /home/nika/Software/SimplicityStudio4/SimplicityStudio_v4/developer/toolchains/gnu_arm/4.8_2013q4/bin/../lib/gcc/arm-none-eabi/4.8.3/../../../../arm-none-eabi/lib/armv6-m/libc_s.a(lib_a-memset.o)
                0x00002bca                memset
 *fill*         0x00002bda        0x2 
 .text._malloc_r
                0x00002bdc       0xa8 /home/nika/Software/SimplicityStudio4/SimplicityStudio_v4/developer/toolchains/gnu_arm/4.8_2013q4/bin/../lib/gcc/arm-none-eabi/4.8.3/../../../../arm-none-eabi/lib/armv6-m/libc_s.a(lib_a-nano-mallocr.o)
                0x00002bdc                _malloc_r
 .text.printf   0x00002c84       0x34 /home/nika/Software/SimplicityStudio4/SimplicityStudio_v4/developer/toolchains/gnu_arm/4.8_2013q4/bin/../lib/gcc/arm-none-eabi/4.8.3/../../../../arm-none-eabi/lib/armv6-m/libc_s.a(lib_a-printf.o)
                0x00002c84                printf
                0x00002c84                iprintf
 .text._sbrk_r  0x00002cb8       0x24 /home/nika/Software/SimplicityStudio4/SimplicityStudio_v4/developer/toolchains/gnu_arm/4.8_2013q4/bin/../lib/gcc/arm-none-eabi/4.8.3/../../../../arm-none-eabi/lib/armv6-m/libc_s.a(lib_a-sbrkr.o)
                0x00002cb8                _sbrk_r
 .text.setvbuf  0x00002cdc      0x10c /home/nika/Software/SimplicityStudio4/SimplicityStudio_v4/developer/toolchains/gnu_arm/4.8_2013q4/bin/../lib/gcc/arm-none-eabi/4.8.3/../../../../arm-none-eabi/lib/armv6-m/libc_s.a(lib_a-setvbuf.o)
                0x00002cdc                setvbuf
 .text.__sread  0x00002de8       0x28 /home/nika/Software/SimplicityStudio4/SimplicityStudio_v4/developer/toolchains/gnu_arm/4.8_2013q4/bin/../lib/gcc/arm-none-eabi/4.8.3/../../../../arm-none-eabi/lib/armv6-m/libc_s.a(lib_a-stdio.o)
                0x00002de8                __sread
 .text.__swrite
                0x00002e10       0x38 /home/nika/Software/SimplicityStudio4/SimplicityStudio_v4/developer/toolchains/gnu_arm/4.8_2013q4/bin/../lib/gcc/arm-none-eabi/4.8.3/../../../../arm-none-eabi/lib/armv6-m/libc_s.a(lib_a-stdio.o)
                0x00002e10                __swrite
 .text.__sseek  0x00002e48       0x2c /home/nika/Software/SimplicityStudio4/SimplicityStudio_v4/developer/toolchains/gnu_arm/4.8_2013q4/bin/../lib/gcc/arm-none-eabi/4.8.3/../../../../arm-none-eabi/lib/armv6-m/libc_s.a(lib_a-stdio.o)
                0x00002e48                __sseek
 .text.__sclose
                0x00002e74        0xc /home/nika/Software/SimplicityStudio4/SimplicityStudio_v4/developer/toolchains/gnu_arm/4.8_2013q4/bin/../lib/gcc/arm-none-eabi/4.8.3/../../../../arm-none-eabi/lib/armv6-m/libc_s.a(lib_a-stdio.o)
                0x00002e74                __sclose
 .text.strlen   0x00002e80        0xe /home/nika/Software/SimplicityStudio4/SimplicityStudio_v4/developer/toolchains/gnu_arm/4.8_2013q4/bin/../lib/gcc/arm-none-eabi/4.8.3/../../../../arm-none-eabi/lib/armv6-m/libc_s.a(lib_a-strlen.o)
                0x00002e80                strlen
 .text.strncmp  0x00002e8e       0x2c /home/nika/Software/SimplicityStudio4/SimplicityStudio_v4/developer/toolchains/gnu_arm/4.8_2013q4/bin/../lib/gcc/arm-none-eabi/4.8.3/../../../../arm-none-eabi/lib/armv6-m/libc_s.a(lib_a-strncmp.o)
                0x00002e8e                strncmp
 .text.__sfputc_r
                0x00002eba       0x2a /home/nika/Software/SimplicityStudio4/SimplicityStudio_v4/developer/toolchains/gnu_arm/4.8_2013q4/bin/../lib/gcc/arm-none-eabi/4.8.3/../../../../arm-none-eabi/lib/armv6-m/libc_s.a(lib_a-vfprintf.o)
 .text.__sfputs_r
                0x00002ee4       0x24 /home/nika/Software/SimplicityStudio4/SimplicityStudio_v4/developer/toolchains/gnu_arm/4.8_2013q4/bin/../lib/gcc/arm-none-eabi/4.8.3/../../../../arm-none-eabi/lib/armv6-m/libc_s.a(lib_a-vfprintf.o)
                0x00002ee4                __sfputs_r
 .text._vfprintf_r
                0x00002f08      0x210 /home/nika/Software/SimplicityStudio4/SimplicityStudio_v4/developer/toolchains/gnu_arm/4.8_2013q4/bin/../lib/gcc/arm-none-eabi/4.8.3/../../../../arm-none-eabi/lib/armv6-m/libc_s.a(lib_a-vfprintf.o)
                0x00002f08                _vfiprintf_r
                0x00002f08                _vfprintf_r
 .text._printf_common
                0x00003118       0xe8 /home/nika/Software/SimplicityStudio4/SimplicityStudio_v4/developer/toolchains/gnu_arm/4.8_2013q4/bin/../lib/gcc/arm-none-eabi/4.8.3/../../../../arm-none-eabi/lib/armv6-m/libc_s.a(lib_a-vfprintf_i.o)
                0x00003118                _printf_common
 .text._printf_i
                0x00003200      0x22c /home/nika/Software/SimplicityStudio4/SimplicityStudio_v4/developer/toolchains/gnu_arm/4.8_2013q4/bin/../lib/gcc/arm-none-eabi/4.8.3/../../../../arm-none-eabi/lib/armv6-m/libc_s.a(lib_a-vfprintf_i.o)
                0x00003200                _printf_i
 .text.__swbuf_r
                0x0000342c       0xb0 /home/nika/Software/SimplicityStudio4/SimplicityStudio_v4/developer/toolchains/gnu_arm/4.8_2013q4/bin/../lib/gcc/arm-none-eabi/4.8.3/../../../../arm-none-eabi/lib/armv6-m/libc_s.a(lib_a-wbuf.o)
                0x0000342c                __swbuf_r
 .text._write_r
                0x000034dc       0x28 /home/nika/Software/SimplicityStudio4/SimplicityStudio_v4/developer/toolchains/gnu_arm/4.8_2013q4/bin/../lib/gcc/arm-none-eabi/4.8.3/../../../../arm-none-eabi/lib/armv6-m/libc_s.a(lib_a-writer.o)
                0x000034dc                _write_r
 .text.__swsetup_r
                0x00003504       0xe4 /home/nika/Software/SimplicityStudio4/SimplicityStudio_v4/developer/toolchains/gnu_arm/4.8_2013q4/bin/../lib/gcc/arm-none-eabi/4.8.3/../../../../arm-none-eabi/lib/armv6-m/libc_s.a(lib_a-wsetup.o)
                0x00003504                __swsetup_r
 .text._close_r
                0x000035e8       0x24 /home/nika/Software/SimplicityStudio4/SimplicityStudio_v4/developer/toolchains/gnu_arm/4.8_2013q4/bin/../lib/gcc/arm-none-eabi/4.8.3/../../../../arm-none-eabi/lib/armv6-m/libc_s.a(lib_a-closer.o)
                0x000035e8                _close_r
 .text.__sflush_r
                0x0000360c      0x112 /home/nika/Software/SimplicityStudio4/SimplicityStudio_v4/developer/toolchains/gnu_arm/4.8_2013q4/bin/../lib/gcc/arm-none-eabi/4.8.3/../../../../arm-none-eabi/lib/armv6-m/libc_s.a(lib_a-fflush.o)
                0x0000360c                __sflush_r
 *fill*         0x0000371e        0x2 
 .text._fflush_r
                0x00003720       0x58 /home/nika/Software/SimplicityStudio4/SimplicityStudio_v4/developer/toolchains/gnu_arm/4.8_2013q4/bin/../lib/gcc/arm-none-eabi/4.8.3/../../../../arm-none-eabi/lib/armv6-m/libc_s.a(lib_a-fflush.o)
                0x00003720                _fflush_r
 .text._lseek_r
                0x00003778       0x28 /home/nika/Software/SimplicityStudio4/SimplicityStudio_v4/developer/toolchains/gnu_arm/4.8_2013q4/bin/../lib/gcc/arm-none-eabi/4.8.3/../../../../arm-none-eabi/lib/armv6-m/libc_s.a(lib_a-lseekr.o)
                0x00003778                _lseek_r
 .text.__smakebuf_r
                0x000037a0       0xa0 /home/nika/Software/SimplicityStudio4/SimplicityStudio_v4/developer/toolchains/gnu_arm/4.8_2013q4/bin/../lib/gcc/arm-none-eabi/4.8.3/../../../../arm-none-eabi/lib/armv6-m/libc_s.a(lib_a-makebuf.o)
                0x000037a0                __smakebuf_r
 .text.malloc   0x00003840       0x14 /home/nika/Software/SimplicityStudio4/SimplicityStudio_v4/developer/toolchains/gnu_arm/4.8_2013q4/bin/../lib/gcc/arm-none-eabi/4.8.3/../../../../arm-none-eabi/lib/armv6-m/libc_s.a(lib_a-malloc.o)
                0x00003840                malloc
 .text.memchr   0x00003854       0x16 /home/nika/Software/SimplicityStudio4/SimplicityStudio_v4/developer/toolchains/gnu_arm/4.8_2013q4/bin/../lib/gcc/arm-none-eabi/4.8.3/../../../../arm-none-eabi/lib/armv6-m/libc_s.a(lib_a-memchr-stub.o)
                0x00003854                memchr
 *fill*         0x0000386a        0x2 
 .text._free_r  0x0000386c       0x90 /home/nika/Software/SimplicityStudio4/SimplicityStudio_v4/developer/toolchains/gnu_arm/4.8_2013q4/bin/../lib/gcc/arm-none-eabi/4.8.3/../../../../arm-none-eabi/lib/armv6-m/libc_s.a(lib_a-nano-freer.o)
                0x0000386c                _free_r
 .text._read_r  0x000038fc       0x28 /home/nika/Software/SimplicityStudio4/SimplicityStudio_v4/developer/toolchains/gnu_arm/4.8_2013q4/bin/../lib/gcc/arm-none-eabi/4.8.3/../../../../arm-none-eabi/lib/armv6-m/libc_s.a(lib_a-readr.o)
                0x000038fc                _read_r
 .text._fstat_r
                0x00003924       0x24 /home/nika/Software/SimplicityStudio4/SimplicityStudio_v4/developer/toolchains/gnu_arm/4.8_2013q4/bin/../lib/gcc/arm-none-eabi/4.8.3/../../../../arm-none-eabi/lib/armv6-m/libc_s.a(lib_a-fstatr.o)
                0x00003924                _fstat_r
 .text._isatty_r
                0x00003948       0x24 /home/nika/Software/SimplicityStudio4/SimplicityStudio_v4/developer/toolchains/gnu_arm/4.8_2013q4/bin/../lib/gcc/arm-none-eabi/4.8.3/../../../../arm-none-eabi/lib/armv6-m/libc_s.a(lib_a-isattyr.o)
                0x00003948                _isatty_r
 *(.init)
 .init          0x0000396c        0x4 /home/nika/Software/SimplicityStudio4/SimplicityStudio_v4/developer/toolchains/gnu_arm/4.8_2013q4/bin/../lib/gcc/arm-none-eabi/4.8.3/armv6-m/crti.o
                0x0000396c                _init
 .init          0x00003970        0x8 /home/nika/Software/SimplicityStudio4/SimplicityStudio_v4/developer/toolchains/gnu_arm/4.8_2013q4/bin/../lib/gcc/arm-none-eabi/4.8.3/armv6-m/crtn.o
 *(.fini)
 .fini          0x00003978        0x4 /home/nika/Software/SimplicityStudio4/SimplicityStudio_v4/developer/toolchains/gnu_arm/4.8_2013q4/bin/../lib/gcc/arm-none-eabi/4.8.3/armv6-m/crti.o
                0x00003978                _fini
 .fini          0x0000397c        0x8 /home/nika/Software/SimplicityStudio4/SimplicityStudio_v4/developer/toolchains/gnu_arm/4.8_2013q4/bin/../lib/gcc/arm-none-eabi/4.8.3/armv6-m/crtn.o
 *crtbegin.o(.ctors)
 *crtbegin?.o(.ctors)
 *(EXCLUDE_FILE(*crtend.o *crtend?.o) .ctors)
 *(SORT(.ctors.*))
 *(.ctors)
 *crtbegin.o(.dtors)
 *crtbegin?.o(.dtors)
 *(EXCLUDE_FILE(*crtend.o *crtend?.o) .dtors)
 *(SORT(.dtors.*))
 *(.dtors)
 *(.rodata*)
 .rodata        0x00003984       0x10 ./BSP/bsp_bcc.o
 .rodata.str1.4
                0x00003994       0x6b ./BSP/bsp_stk_leds.o
                                 0x6c (size before relaxing)
 *fill*         0x000039ff        0x1 
 .rodata.ledArray
                0x00003a00       0x10 ./BSP/bsp_stk_leds.o
 .rodata.str1.4
                0x00003a10       0x15 ./Drivers/displayls013b7dh03.o
                                 0x18 (size before relaxing)
 *fill*         0x00003a25        0x3 
 .rodata        0x00003a28       0x1c ./Drivers/displaypalemlib.o
 .rodata.str1.4
                0x00000000       0x6c ./Drivers/displaypalemlib.o
 .rodata.heaperr.8471
                0x00003a44       0x1c ./Drivers/retargetio.o
 .rodata.escapeSequences.5216
                0x00003a60       0x18 ./Drivers/textdisplay.o
 .rodata.chars_6x8_bits
                0x00003a78      0x320 ./Drivers/textdisplay.o
 .rodata        0x00003d98        0x4 ./Drivers/udelay.o
 .rodata.CMU_ClockEnable
                0x00003d9c       0x2c ./emlib/em_cmu.o
 .rodata.CMU_ClockSelectSet
                0x00003dc8       0x50 ./emlib/em_cmu.o
 .rodata.CMU_OscillatorEnable
                0x00003e18       0x14 ./emlib/em_cmu.o
 .rodata.str1.4
                0x00003e2c       0x7e ./emlib/em_cmu.o
                                 0x80 (size before relaxing)
 *fill*         0x00003eaa        0x2 
 .rodata.str1.4
                0x00003eac       0x13 ./emlib/em_gpio.o
                                 0x80 (size before relaxing)
 *fill*         0x00003ebf        0x1 
 .rodata.str1.4
                0x00003ec0       0x15 ./emlib/em_leuart.o
                                 0x18 (size before relaxing)
 *fill*         0x00003ed5        0x3 
 .rodata.str1.4
                0x00003ed8       0x12 ./emlib/em_prs.o
                                 0x14 (size before relaxing)
 *fill*         0x00003eea        0x2 
 .rodata.str1.4
                0x00003eec       0x12 ./emlib/em_rtc.o
                                 0x14 (size before relaxing)
 *fill*         0x00003efe        0x2 
 .rodata.str1.4
                0x00003f00       0x14 ./emlib/em_usart.o
 .rodata.str1.4
                0x00003f14       0x1c ./src/main.o
 .rodata._ctype_
                0x00003f30      0x101 /home/nika/Software/SimplicityStudio4/SimplicityStudio_v4/developer/toolchains/gnu_arm/4.8_2013q4/bin/../lib/gcc/arm-none-eabi/4.8.3/../../../../arm-none-eabi/lib/armv6-m/libc_s.a(lib_a-ctype_.o)
                0x00003f30                _ctype_
 *fill*         0x00004031        0x3 
 .rodata.__sf_fake_stdin
                0x00004034       0x20 /home/nika/Software/SimplicityStudio4/SimplicityStudio_v4/developer/toolchains/gnu_arm/4.8_2013q4/bin/../lib/gcc/arm-none-eabi/4.8.3/../../../../arm-none-eabi/lib/armv6-m/libc_s.a(lib_a-findfp.o)
                0x00004034                __sf_fake_stdin
 .rodata.__sf_fake_stdout
                0x00004054       0x20 /home/nika/Software/SimplicityStudio4/SimplicityStudio_v4/developer/toolchains/gnu_arm/4.8_2013q4/bin/../lib/gcc/arm-none-eabi/4.8.3/../../../../arm-none-eabi/lib/armv6-m/libc_s.a(lib_a-findfp.o)
                0x00004054                __sf_fake_stdout
 .rodata.__sf_fake_stderr
                0x00004074       0x20 /home/nika/Software/SimplicityStudio4/SimplicityStudio_v4/developer/toolchains/gnu_arm/4.8_2013q4/bin/../lib/gcc/arm-none-eabi/4.8.3/../../../../arm-none-eabi/lib/armv6-m/libc_s.a(lib_a-findfp.o)
                0x00004074                __sf_fake_stderr
 .rodata.str1.1
                0x00004094        0x2 /home/nika/Software/SimplicityStudio4/SimplicityStudio_v4/developer/toolchains/gnu_arm/4.8_2013q4/bin/../lib/gcc/arm-none-eabi/4.8.3/../../../../arm-none-eabi/lib/armv6-m/libc_s.a(lib_a-impure.o)
 *fill*         0x00004096        0x2 
 .rodata._global_impure_ptr
                0x00004098        0x4 /home/nika/Software/SimplicityStudio4/SimplicityStudio_v4/developer/toolchains/gnu_arm/4.8_2013q4/bin/../lib/gcc/arm-none-eabi/4.8.3/../../../../arm-none-eabi/lib/armv6-m/libc_s.a(lib_a-impure.o)
                0x00004098                _global_impure_ptr
 .rodata.str1.1
                0x0000409c       0x11 /home/nika/Software/SimplicityStudio4/SimplicityStudio_v4/developer/toolchains/gnu_arm/4.8_2013q4/bin/../lib/gcc/arm-none-eabi/4.8.3/../../../../arm-none-eabi/lib/armv6-m/libc_s.a(lib_a-vfprintf.o)
 .rodata.str1.1
                0x000040ad       0x22 /home/nika/Software/SimplicityStudio4/SimplicityStudio_v4/developer/toolchains/gnu_arm/4.8_2013q4/bin/../lib/gcc/arm-none-eabi/4.8.3/../../../../arm-none-eabi/lib/armv6-m/libc_s.a(lib_a-vfprintf_i.o)
 *(.eh_frame*)
 *fill*         0x000040cf        0x1 
 .eh_frame      0x000040d0        0x0 /home/nika/Software/SimplicityStudio4/SimplicityStudio_v4/developer/toolchains/gnu_arm/4.8_2013q4/bin/../lib/gcc/arm-none-eabi/4.8.3/armv6-m/crtbegin.o
 .eh_frame      0x000040d0        0x4 /home/nika/Software/SimplicityStudio4/SimplicityStudio_v4/developer/toolchains/gnu_arm/4.8_2013q4/bin/../lib/gcc/arm-none-eabi/4.8.3/armv6-m/crtend.o

.glue_7         0x000040d4        0x0
 .glue_7        0x00000000        0x0 linker stubs

.glue_7t        0x000040d4        0x0
 .glue_7t       0x00000000        0x0 linker stubs

.vfp11_veneer   0x000040d4        0x0
 .vfp11_veneer  0x00000000        0x0 linker stubs

.v4_bx          0x000040d4        0x0
 .v4_bx         0x00000000        0x0 linker stubs

.iplt           0x000040d4        0x0
 .iplt          0x00000000        0x0 /home/nika/Software/SimplicityStudio4/SimplicityStudio_v4/developer/toolchains/gnu_arm/4.8_2013q4/bin/../lib/gcc/arm-none-eabi/4.8.3/armv6-m/crtbegin.o

.ARM.extab
 *(.ARM.extab* .gnu.linkonce.armextab.*)
                0x000040d4                __exidx_start = .

.ARM.exidx      0x000040d4        0x8
 *(.ARM.exidx* .gnu.linkonce.armexidx.*)
 .ARM.exidx     0x000040d4        0x8 /home/nika/Software/SimplicityStudio4/SimplicityStudio_v4/developer/toolchains/gnu_arm/4.8_2013q4/bin/../lib/gcc/arm-none-eabi/4.8.3/../../../../arm-none-eabi/lib/armv6-m/crt0.o
                0x000040dc                __exidx_end = .
                0x000040dc                __etext = .

.rel.dyn        0x000040dc        0x0
 .rel.iplt      0x00000000        0x0 /home/nika/Software/SimplicityStudio4/SimplicityStudio_v4/developer/toolchains/gnu_arm/4.8_2013q4/bin/../lib/gcc/arm-none-eabi/4.8.3/armv6-m/crtbegin.o

.data           0x20000000       0x8c load address 0x000040dc
                0x20000000                __data_start__ = .
 *(vtable)
 *(.data*)
 .data.SystemLFXOClock
                0x20000000        0x4 ./CMSIS/EFM32ZG/system_efm32zg.o
 .data.SystemHFXOClock
                0x20000004        0x4 ./CMSIS/EFM32ZG/system_efm32zg.o
 .data.pDisplayDeviceDriverInitFunctions
                0x20000008        0x8 ./Drivers/display.o
 .data.pixelMatrixPool
                0x20000010        0x4 ./Drivers/displayls013b7dh03.o
 .data.loops_per_jiffy
                0x20000014        0x4 ./Drivers/udelay.o
                0x20000014                loops_per_jiffy
 .data.__ctype_ptr__
                0x20000018        0x4 /home/nika/Software/SimplicityStudio4/SimplicityStudio_v4/developer/toolchains/gnu_arm/4.8_2013q4/bin/../lib/gcc/arm-none-eabi/4.8.3/../../../../arm-none-eabi/lib/armv6-m/libc_s.a(lib_a-ctype_.o)
                0x20000018                __ctype_ptr__
 .data.impure_data
                0x2000001c       0x60 /home/nika/Software/SimplicityStudio4/SimplicityStudio_v4/developer/toolchains/gnu_arm/4.8_2013q4/bin/../lib/gcc/arm-none-eabi/4.8.3/../../../../arm-none-eabi/lib/armv6-m/libc_s.a(lib_a-impure.o)
 .data._impure_ptr
                0x2000007c        0x4 /home/nika/Software/SimplicityStudio4/SimplicityStudio_v4/developer/toolchains/gnu_arm/4.8_2013q4/bin/../lib/gcc/arm-none-eabi/4.8.3/../../../../arm-none-eabi/lib/armv6-m/libc_s.a(lib_a-impure.o)
                0x2000007c                _impure_ptr
                0x20000080                . = ALIGN (0x4)
 *(.ram)
                0x20000080                . = ALIGN (0x4)
                0x20000080                PROVIDE (__preinit_array_start, .)
 *(.preinit_array)
                0x20000080                PROVIDE (__preinit_array_end, .)
                0x20000080                . = ALIGN (0x4)
                0x20000080                PROVIDE (__init_array_start, .)
 *(SORT(.init_array.*))
 *(.init_array)
 .init_array    0x20000080        0x4 /home/nika/Software/SimplicityStudio4/SimplicityStudio_v4/developer/toolchains/gnu_arm/4.8_2013q4/bin/../lib/gcc/arm-none-eabi/4.8.3/armv6-m/crtbegin.o
                0x20000084                PROVIDE (__init_array_end, .)
                0x20000084                . = ALIGN (0x4)
                0x20000084                PROVIDE (__fini_array_start, .)
 *(SORT(.fini_array.*))
 *(.fini_array)
 .fini_array    0x20000084        0x4 /home/nika/Software/SimplicityStudio4/SimplicityStudio_v4/developer/toolchains/gnu_arm/4.8_2013q4/bin/../lib/gcc/arm-none-eabi/4.8.3/armv6-m/crtbegin.o
                0x20000088                PROVIDE (__fini_array_end, .)
 *(.jcr*)
 .jcr           0x20000088        0x0 /home/nika/Software/SimplicityStudio4/SimplicityStudio_v4/developer/toolchains/gnu_arm/4.8_2013q4/bin/../lib/gcc/arm-none-eabi/4.8.3/armv6-m/crtbegin.o
 .jcr           0x20000088        0x4 /home/nika/Software/SimplicityStudio4/SimplicityStudio_v4/developer/toolchains/gnu_arm/4.8_2013q4/bin/../lib/gcc/arm-none-eabi/4.8.3/armv6-m/crtend.o
                0x2000008c                . = ALIGN (0x4)
                0x2000008c                __data_end__ = .

.igot.plt       0x2000008c        0x0 load address 0x00004168
 .igot.plt      0x00000000        0x0 /home/nika/Software/SimplicityStudio4/SimplicityStudio_v4/developer/toolchains/gnu_arm/4.8_2013q4/bin/../lib/gcc/arm-none-eabi/4.8.3/armv6-m/crtbegin.o

.bss            0x2000008c      0x2e8 load address 0x00004168
                0x2000008c                . = ALIGN (0x4)
                0x2000008c                __bss_start__ = .
 *(.bss*)
 .bss           0x2000008c       0x1c /home/nika/Software/SimplicityStudio4/SimplicityStudio_v4/developer/toolchains/gnu_arm/4.8_2013q4/bin/../lib/gcc/arm-none-eabi/4.8.3/armv6-m/crtbegin.o
 .bss.rxByteCount
                0x200000a8        0x4 ./BSP/bsp_bcc.o
 .bss.txByteCount
                0x200000ac        0x4 ./BSP/bsp_bcc.o
 .bss.devicesRegistered
                0x200000b0        0x4 ./Drivers/display.o
 .bss.deviceTable
                0x200000b4       0x2c ./Drivers/display.o
 .bss.moduleInitialized
                0x200000e0        0x1 ./Drivers/display.o
 *fill*         0x200000e1        0x3 
 .bss.pixelMatrixPoolBase
                0x200000e4       0x80 ./Drivers/displayls013b7dh03.o
 .bss.heap_end.8469
                0x20000164        0x4 ./Drivers/retargetio.o
 .bss.textDisplayHandle
                0x20000168        0x4 ./Drivers/retargettextdisplay.o
                0x20000168                textDisplayHandle
 .bss.escapeSequence.5215
                0x2000016c        0x4 ./Drivers/textdisplay.o
 .bss.textdisplayTbl
                0x20000170       0x58 ./Drivers/textdisplay.o
 .bss.cmuStatus
                0x200001c8        0x4 ./emlib/em_emu.o
 .bss.INT_LockCnt
                0x200001cc        0x4 ./emlib/em_int.o
                0x200001cc                INT_LockCnt
 .bss.__malloc_sbrk_start
                0x200001d0        0x4 /home/nika/Software/SimplicityStudio4/SimplicityStudio_v4/developer/toolchains/gnu_arm/4.8_2013q4/bin/../lib/gcc/arm-none-eabi/4.8.3/../../../../arm-none-eabi/lib/armv6-m/libc_s.a(lib_a-nano-mallocr.o)
                0x200001d0                __malloc_sbrk_start
 .bss.__malloc_free_list
                0x200001d4        0x4 /home/nika/Software/SimplicityStudio4/SimplicityStudio_v4/developer/toolchains/gnu_arm/4.8_2013q4/bin/../lib/gcc/arm-none-eabi/4.8.3/../../../../arm-none-eabi/lib/armv6-m/libc_s.a(lib_a-nano-mallocr.o)
                0x200001d4                __malloc_free_list
 *(COMMON)
 COMMON         0x200001d8        0x4 ./CMSIS/EFM32ZG/system_efm32zg.o
                0x200001d8                SystemCoreClock
 COMMON         0x200001dc      0x190 ./Drivers/textdisplay.o
                0x200001dc                charBufferDevice0
                0x2000032c                charArrayDevice0
 COMMON         0x2000036c        0x4 ./src/main.o
                0x2000036c                msTicks
 COMMON         0x20000370        0x4 /home/nika/Software/SimplicityStudio4/SimplicityStudio_v4/developer/toolchains/gnu_arm/4.8_2013q4/bin/../lib/gcc/arm-none-eabi/4.8.3/../../../../arm-none-eabi/lib/armv6-m/libc_s.a(lib_a-reent.o)
                0x20000370                errno
                0x20000374                . = ALIGN (0x4)
                0x20000374                __bss_end__ = .

.heap           0x20000378        0x0
                0x20000378                __HeapBase = .
                0x20000378                __end__ = .
                0x20000378                end = __end__
                0x20000378                _end = __end__
 *(.heap*)
 .heap          0x20000378        0x0 ./CMSIS/EFM32ZG/startup_gcc_efm32zg.o
                0x20000378                __HeapLimit = .

.stack_dummy    0x20000378      0x400
 *(.stack*)
 .stack         0x20000378      0x400 ./CMSIS/EFM32ZG/startup_gcc_efm32zg.o
                0x20001000                __StackTop = (ORIGIN (RAM) + 0x1000)
                0x20000c00                __StackLimit = (__StackTop - SIZEOF (.stack_dummy))
                0x20001000                PROVIDE (__stack, __StackTop)
                0x00000001                ASSERT ((__StackLimit >= __HeapLimit), region RAM overflowed with stack)
                0x00000001                ASSERT ((0x8000 >= (__etext + SIZEOF (.data))), FLASH memory overflowed !)
OUTPUT(STK3200_textdisplay.axf elf32-littlearm)

.ARM.attributes
                0x00000000       0x28
 .ARM.attributes
                0x00000000       0x1e /home/nika/Software/SimplicityStudio4/SimplicityStudio_v4/developer/toolchains/gnu_arm/4.8_2013q4/bin/../lib/gcc/arm-none-eabi/4.8.3/armv6-m/crti.o
 .ARM.attributes
                0x0000001e       0x2c /home/nika/Software/SimplicityStudio4/SimplicityStudio_v4/developer/toolchains/gnu_arm/4.8_2013q4/bin/../lib/gcc/arm-none-eabi/4.8.3/armv6-m/crtbegin.o
 .ARM.attributes
                0x0000004a       0x1b /home/nika/Software/SimplicityStudio4/SimplicityStudio_v4/developer/toolchains/gnu_arm/4.8_2013q4/bin/../lib/gcc/arm-none-eabi/4.8.3/../../../../arm-none-eabi/lib/armv6-m/crt0.o
 .ARM.attributes
                0x00000065       0x32 ./BSP/bsp_bcc.o
 .ARM.attributes
                0x00000097       0x32 ./BSP/bsp_stk.o
 .ARM.attributes
                0x000000c9       0x32 ./BSP/bsp_stk_leds.o
 .ARM.attributes
                0x000000fb       0x1b ./CMSIS/EFM32ZG/startup_gcc_efm32zg.o
 .ARM.attributes
                0x00000116       0x32 ./CMSIS/EFM32ZG/system_efm32zg.o
 .ARM.attributes
                0x00000148       0x32 ./Drivers/display.o
 .ARM.attributes
                0x0000017a       0x32 ./Drivers/displayls013b7dh03.o
 .ARM.attributes
                0x000001ac       0x32 ./Drivers/displaypalemlib.o
 .ARM.attributes
                0x000001de       0x32 ./Drivers/retargetio.o
 .ARM.attributes
                0x00000210       0x32 ./Drivers/retargettextdisplay.o
 .ARM.attributes
                0x00000242       0x32 ./Drivers/textdisplay.o
 .ARM.attributes
                0x00000274       0x2b ./Drivers/udelay.o
 .ARM.attributes
                0x0000029f       0x32 ./emlib/em_assert.o
 .ARM.attributes
                0x000002d1       0x32 ./emlib/em_cmu.o
 .ARM.attributes
                0x00000303       0x32 ./emlib/em_emu.o
 .ARM.attributes
                0x00000335       0x32 ./emlib/em_gpio.o
 .ARM.attributes
                0x00000367       0x32 ./emlib/em_int.o
 .ARM.attributes
                0x00000399       0x32 ./emlib/em_leuart.o
 .ARM.attributes
                0x000003cb       0x32 ./emlib/em_prs.o
 .ARM.attributes
                0x000003fd       0x32 ./emlib/em_rtc.o
 .ARM.attributes
                0x0000042f       0x32 ./emlib/em_usart.o
 .ARM.attributes
                0x00000461       0x32 ./src/main.o
 .ARM.attributes
                0x00000493       0x1e /home/nika/Software/SimplicityStudio4/SimplicityStudio_v4/developer/toolchains/gnu_arm/4.8_2013q4/bin/../lib/gcc/arm-none-eabi/4.8.3/armv6-m/libgcc.a(_udivsi3.o)
 .ARM.attributes
                0x000004b1       0x1e /home/nika/Software/SimplicityStudio4/SimplicityStudio_v4/developer/toolchains/gnu_arm/4.8_2013q4/bin/../lib/gcc/arm-none-eabi/4.8.3/armv6-m/libgcc.a(_dvmd_tls.o)
 .ARM.attributes
                0x000004cf       0x1e /home/nika/Software/SimplicityStudio4/SimplicityStudio_v4/developer/toolchains/gnu_arm/4.8_2013q4/bin/../lib/gcc/arm-none-eabi/4.8.3/armv6-m/libgcc.a(_clzsi2.o)
 .ARM.attributes
                0x000004ed       0x2c /home/nika/Software/SimplicityStudio4/SimplicityStudio_v4/developer/toolchains/gnu_arm/4.8_2013q4/bin/../lib/gcc/arm-none-eabi/4.8.3/../../../../arm-none-eabi/lib/armv6-m/libc_s.a(lib_a-ctype_.o)
 .ARM.attributes
                0x00000519       0x2c /home/nika/Software/SimplicityStudio4/SimplicityStudio_v4/developer/toolchains/gnu_arm/4.8_2013q4/bin/../lib/gcc/arm-none-eabi/4.8.3/../../../../arm-none-eabi/lib/armv6-m/libc_s.a(lib_a-exit.o)
 .ARM.attributes
                0x00000545       0x2c /home/nika/Software/SimplicityStudio4/SimplicityStudio_v4/developer/toolchains/gnu_arm/4.8_2013q4/bin/../lib/gcc/arm-none-eabi/4.8.3/../../../../arm-none-eabi/lib/armv6-m/libc_s.a(lib_a-fileno.o)
 .ARM.attributes
                0x00000571       0x2c /home/nika/Software/SimplicityStudio4/SimplicityStudio_v4/developer/toolchains/gnu_arm/4.8_2013q4/bin/../lib/gcc/arm-none-eabi/4.8.3/../../../../arm-none-eabi/lib/armv6-m/libc_s.a(lib_a-findfp.o)
 .ARM.attributes
                0x0000059d       0x2c /home/nika/Software/SimplicityStudio4/SimplicityStudio_v4/developer/toolchains/gnu_arm/4.8_2013q4/bin/../lib/gcc/arm-none-eabi/4.8.3/../../../../arm-none-eabi/lib/armv6-m/libc_s.a(lib_a-impure.o)
 .ARM.attributes
                0x000005c9       0x2c /home/nika/Software/SimplicityStudio4/SimplicityStudio_v4/developer/toolchains/gnu_arm/4.8_2013q4/bin/../lib/gcc/arm-none-eabi/4.8.3/../../../../arm-none-eabi/lib/armv6-m/libc_s.a(lib_a-init.o)
 .ARM.attributes
                0x000005f5       0x2c /home/nika/Software/SimplicityStudio4/SimplicityStudio_v4/developer/toolchains/gnu_arm/4.8_2013q4/bin/../lib/gcc/arm-none-eabi/4.8.3/../../../../arm-none-eabi/lib/armv6-m/libc_s.a(lib_a-memcpy-stub.o)
 .ARM.attributes
                0x00000621       0x2c /home/nika/Software/SimplicityStudio4/SimplicityStudio_v4/developer/toolchains/gnu_arm/4.8_2013q4/bin/../lib/gcc/arm-none-eabi/4.8.3/../../../../arm-none-eabi/lib/armv6-m/libc_s.a(lib_a-memset.o)
 .ARM.attributes
                0x0000064d       0x2c /home/nika/Software/SimplicityStudio4/SimplicityStudio_v4/developer/toolchains/gnu_arm/4.8_2013q4/bin/../lib/gcc/arm-none-eabi/4.8.3/../../../../arm-none-eabi/lib/armv6-m/libc_s.a(lib_a-nano-mallocr.o)
 .ARM.attributes
                0x00000679       0x2c /home/nika/Software/SimplicityStudio4/SimplicityStudio_v4/developer/toolchains/gnu_arm/4.8_2013q4/bin/../lib/gcc/arm-none-eabi/4.8.3/../../../../arm-none-eabi/lib/armv6-m/libc_s.a(lib_a-printf.o)
 .ARM.attributes
                0x000006a5       0x2c /home/nika/Software/SimplicityStudio4/SimplicityStudio_v4/developer/toolchains/gnu_arm/4.8_2013q4/bin/../lib/gcc/arm-none-eabi/4.8.3/../../../../arm-none-eabi/lib/armv6-m/libc_s.a(lib_a-sbrkr.o)
 .ARM.attributes
                0x000006d1       0x2c /home/nika/Software/SimplicityStudio4/SimplicityStudio_v4/developer/toolchains/gnu_arm/4.8_2013q4/bin/../lib/gcc/arm-none-eabi/4.8.3/../../../../arm-none-eabi/lib/armv6-m/libc_s.a(lib_a-setvbuf.o)
 .ARM.attributes
                0x000006fd       0x2c /home/nika/Software/SimplicityStudio4/SimplicityStudio_v4/developer/toolchains/gnu_arm/4.8_2013q4/bin/../lib/gcc/arm-none-eabi/4.8.3/../../../../arm-none-eabi/lib/armv6-m/libc_s.a(lib_a-stdio.o)
 .ARM.attributes
                0x00000729       0x2c /home/nika/Software/SimplicityStudio4/SimplicityStudio_v4/developer/toolchains/gnu_arm/4.8_2013q4/bin/../lib/gcc/arm-none-eabi/4.8.3/../../../../arm-none-eabi/lib/armv6-m/libc_s.a(lib_a-strlen.o)
 .ARM.attributes
                0x00000755       0x2c /home/nika/Software/SimplicityStudio4/SimplicityStudio_v4/developer/toolchains/gnu_arm/4.8_2013q4/bin/../lib/gcc/arm-none-eabi/4.8.3/../../../../arm-none-eabi/lib/armv6-m/libc_s.a(lib_a-strncmp.o)
 .ARM.attributes
                0x00000781       0x2c /home/nika/Software/SimplicityStudio4/SimplicityStudio_v4/developer/toolchains/gnu_arm/4.8_2013q4/bin/../lib/gcc/arm-none-eabi/4.8.3/../../../../arm-none-eabi/lib/armv6-m/libc_s.a(lib_a-vfprintf.o)
 .ARM.attributes
                0x000007ad       0x2c /home/nika/Software/SimplicityStudio4/SimplicityStudio_v4/developer/toolchains/gnu_arm/4.8_2013q4/bin/../lib/gcc/arm-none-eabi/4.8.3/../../../../arm-none-eabi/lib/armv6-m/libc_s.a(lib_a-vfprintf_i.o)
 .ARM.attributes
                0x000007d9       0x2c /home/nika/Software/SimplicityStudio4/SimplicityStudio_v4/developer/toolchains/gnu_arm/4.8_2013q4/bin/../lib/gcc/arm-none-eabi/4.8.3/../../../../arm-none-eabi/lib/armv6-m/libc_s.a(lib_a-wbuf.o)
 .ARM.attributes
                0x00000805       0x2c /home/nika/Software/SimplicityStudio4/SimplicityStudio_v4/developer/toolchains/gnu_arm/4.8_2013q4/bin/../lib/gcc/arm-none-eabi/4.8.3/../../../../arm-none-eabi/lib/armv6-m/libc_s.a(lib_a-writer.o)
 .ARM.attributes
                0x00000831       0x2c /home/nika/Software/SimplicityStudio4/SimplicityStudio_v4/developer/toolchains/gnu_arm/4.8_2013q4/bin/../lib/gcc/arm-none-eabi/4.8.3/../../../../arm-none-eabi/lib/armv6-m/libc_s.a(lib_a-wsetup.o)
 .ARM.attributes
                0x0000085d       0x2c /home/nika/Software/SimplicityStudio4/SimplicityStudio_v4/developer/toolchains/gnu_arm/4.8_2013q4/bin/../lib/gcc/arm-none-eabi/4.8.3/../../../../arm-none-eabi/lib/armv6-m/libc_s.a(lib_a-closer.o)
 .ARM.attributes
                0x00000889       0x2c /home/nika/Software/SimplicityStudio4/SimplicityStudio_v4/developer/toolchains/gnu_arm/4.8_2013q4/bin/../lib/gcc/arm-none-eabi/4.8.3/../../../../arm-none-eabi/lib/armv6-m/libc_s.a(lib_a-fflush.o)
 .ARM.attributes
                0x000008b5       0x2c /home/nika/Software/SimplicityStudio4/SimplicityStudio_v4/developer/toolchains/gnu_arm/4.8_2013q4/bin/../lib/gcc/arm-none-eabi/4.8.3/../../../../arm-none-eabi/lib/armv6-m/libc_s.a(lib_a-lseekr.o)
 .ARM.attributes
                0x000008e1       0x2c /home/nika/Software/SimplicityStudio4/SimplicityStudio_v4/developer/toolchains/gnu_arm/4.8_2013q4/bin/../lib/gcc/arm-none-eabi/4.8.3/../../../../arm-none-eabi/lib/armv6-m/libc_s.a(lib_a-makebuf.o)
 .ARM.attributes
                0x0000090d       0x2c /home/nika/Software/SimplicityStudio4/SimplicityStudio_v4/developer/toolchains/gnu_arm/4.8_2013q4/bin/../lib/gcc/arm-none-eabi/4.8.3/../../../../arm-none-eabi/lib/armv6-m/libc_s.a(lib_a-malloc.o)
 .ARM.attributes
                0x00000939       0x2c /home/nika/Software/SimplicityStudio4/SimplicityStudio_v4/developer/toolchains/gnu_arm/4.8_2013q4/bin/../lib/gcc/arm-none-eabi/4.8.3/../../../../arm-none-eabi/lib/armv6-m/libc_s.a(lib_a-memchr-stub.o)
 .ARM.attributes
                0x00000965       0x2c /home/nika/Software/SimplicityStudio4/SimplicityStudio_v4/developer/toolchains/gnu_arm/4.8_2013q4/bin/../lib/gcc/arm-none-eabi/4.8.3/../../../../arm-none-eabi/lib/armv6-m/libc_s.a(lib_a-nano-freer.o)
 .ARM.attributes
                0x00000991       0x2c /home/nika/Software/SimplicityStudio4/SimplicityStudio_v4/developer/toolchains/gnu_arm/4.8_2013q4/bin/../lib/gcc/arm-none-eabi/4.8.3/../../../../arm-none-eabi/lib/armv6-m/libc_s.a(lib_a-readr.o)
 .ARM.attributes
                0x000009bd       0x2c /home/nika/Software/SimplicityStudio4/SimplicityStudio_v4/developer/toolchains/gnu_arm/4.8_2013q4/bin/../lib/gcc/arm-none-eabi/4.8.3/../../../../arm-none-eabi/lib/armv6-m/libc_s.a(lib_a-reent.o)
 .ARM.attributes
                0x000009e9       0x2c /home/nika/Software/SimplicityStudio4/SimplicityStudio_v4/developer/toolchains/gnu_arm/4.8_2013q4/bin/../lib/gcc/arm-none-eabi/4.8.3/../../../../arm-none-eabi/lib/armv6-m/libc_s.a(lib_a-fstatr.o)
 .ARM.attributes
                0x00000a15       0x2c /home/nika/Software/SimplicityStudio4/SimplicityStudio_v4/developer/toolchains/gnu_arm/4.8_2013q4/bin/../lib/gcc/arm-none-eabi/4.8.3/../../../../arm-none-eabi/lib/armv6-m/libc_s.a(lib_a-isattyr.o)
 .ARM.attributes
                0x00000a41       0x2c /home/nika/Software/SimplicityStudio4/SimplicityStudio_v4/developer/toolchains/gnu_arm/4.8_2013q4/bin/../lib/gcc/arm-none-eabi/4.8.3/armv6-m/crtend.o
 .ARM.attributes
                0x00000a6d       0x1e /home/nika/Software/SimplicityStudio4/SimplicityStudio_v4/developer/toolchains/gnu_arm/4.8_2013q4/bin/../lib/gcc/arm-none-eabi/4.8.3/armv6-m/crtn.o

.comment        0x00000000       0x70
 .comment       0x00000000       0x70 ./BSP/bsp_bcc.o
                                 0x71 (size before relaxing)
 .comment       0x00000000       0x71 ./BSP/bsp_stk.o
 .comment       0x00000000       0x71 ./BSP/bsp_stk_leds.o
 .comment       0x00000000       0x71 ./CMSIS/EFM32ZG/system_efm32zg.o
 .comment       0x00000000       0x71 ./Drivers/display.o
 .comment       0x00000000       0x71 ./Drivers/displayls013b7dh03.o
 .comment       0x00000000       0x71 ./Drivers/displaypalemlib.o
 .comment       0x00000000       0x71 ./Drivers/retargetio.o
 .comment       0x00000000       0x71 ./Drivers/retargettextdisplay.o
 .comment       0x00000000       0x71 ./Drivers/textdisplay.o
 .comment       0x00000000       0x71 ./Drivers/udelay.o
 .comment       0x00000000       0x71 ./emlib/em_assert.o
 .comment       0x00000000       0x71 ./emlib/em_cmu.o
 .comment       0x00000000       0x71 ./emlib/em_emu.o
 .comment       0x00000000       0x71 ./emlib/em_gpio.o
 .comment       0x00000000       0x71 ./emlib/em_int.o
 .comment       0x00000000       0x71 ./emlib/em_leuart.o
 .comment       0x00000000       0x71 ./emlib/em_prs.o
 .comment       0x00000000       0x71 ./emlib/em_rtc.o
 .comment       0x00000000       0x71 ./emlib/em_usart.o
 .comment       0x00000000       0x71 ./src/main.o

.debug_info     0x00000000     0xdbad
 .debug_info    0x00000000      0xb5d ./BSP/bsp_bcc.o
 .debug_info    0x00000b5d      0x2c9 ./BSP/bsp_stk.o
 .debug_info    0x00000e26      0x96d ./BSP/bsp_stk_leds.o
 .debug_info    0x00001793       0x94 ./CMSIS/EFM32ZG/startup_gcc_efm32zg.o
 .debug_info    0x00001827      0x4ec ./CMSIS/EFM32ZG/system_efm32zg.o
 .debug_info    0x00001d13      0x4a3 ./Drivers/display.o
 .debug_info    0x000021b6      0xa62 ./Drivers/displayls013b7dh03.o
 .debug_info    0x00002c18     0x119a ./Drivers/displaypalemlib.o
 .debug_info    0x00003db2      0xebb ./Drivers/retargetio.o
 .debug_info    0x00004c6d      0xdc6 ./Drivers/retargettextdisplay.o
 .debug_info    0x00005a33     0x12cf ./Drivers/textdisplay.o
 .debug_info    0x00006d02      0xd1d ./Drivers/udelay.o
 .debug_info    0x00007a1f       0x77 ./emlib/em_assert.o
 .debug_info    0x00007a96     0x2014 ./emlib/em_cmu.o
 .debug_info    0x00009aaa      0x63c ./emlib/em_emu.o
 .debug_info    0x0000a0e6      0x8e5 ./emlib/em_gpio.o
 .debug_info    0x0000a9cb       0xa4 ./emlib/em_int.o
 .debug_info    0x0000aa6f      0xbe7 ./emlib/em_leuart.o
 .debug_info    0x0000b656      0x262 ./emlib/em_prs.o
 .debug_info    0x0000b8b8      0x44d ./emlib/em_rtc.o
 .debug_info    0x0000bd05     0x16f9 ./emlib/em_usart.o
 .debug_info    0x0000d3fe      0x7af ./src/main.o

.debug_abbrev   0x00000000     0x2f6a
 .debug_abbrev  0x00000000      0x255 ./BSP/bsp_bcc.o
 .debug_abbrev  0x00000255      0x167 ./BSP/bsp_stk.o
 .debug_abbrev  0x000003bc      0x227 ./BSP/bsp_stk_leds.o
 .debug_abbrev  0x000005e3       0x14 ./CMSIS/EFM32ZG/startup_gcc_efm32zg.o
 .debug_abbrev  0x000005f7      0x184 ./CMSIS/EFM32ZG/system_efm32zg.o
 .debug_abbrev  0x0000077b      0x158 ./Drivers/display.o
 .debug_abbrev  0x000008d3      0x2b2 ./Drivers/displayls013b7dh03.o
 .debug_abbrev  0x00000b85      0x2fc ./Drivers/displaypalemlib.o
 .debug_abbrev  0x00000e81      0x337 ./Drivers/retargetio.o
 .debug_abbrev  0x000011b8      0x231 ./Drivers/retargettextdisplay.o
 .debug_abbrev  0x000013e9      0x35a ./Drivers/textdisplay.o
 .debug_abbrev  0x00001743      0x32e ./Drivers/udelay.o
 .debug_abbrev  0x00001a71       0x65 ./emlib/em_assert.o
 .debug_abbrev  0x00001ad6      0x3dc ./emlib/em_cmu.o
 .debug_abbrev  0x00001eb2      0x20a ./emlib/em_emu.o
 .debug_abbrev  0x000020bc      0x289 ./emlib/em_gpio.o
 .debug_abbrev  0x00002345       0x44 ./emlib/em_int.o
 .debug_abbrev  0x00002389      0x305 ./emlib/em_leuart.o
 .debug_abbrev  0x0000268e      0x10a ./emlib/em_prs.o
 .debug_abbrev  0x00002798      0x22c ./emlib/em_rtc.o
 .debug_abbrev  0x000029c4      0x2d8 ./emlib/em_usart.o
 .debug_abbrev  0x00002c9c      0x2ce ./src/main.o

.debug_loc      0x00000000     0x88d6
 .debug_loc     0x00000000      0x328 ./BSP/bsp_bcc.o
 .debug_loc     0x00000328       0xbb ./BSP/bsp_stk.o
 .debug_loc     0x000003e3      0x819 ./BSP/bsp_stk_leds.o
 .debug_loc     0x00000bfc      0x3de ./CMSIS/EFM32ZG/system_efm32zg.o
 .debug_loc     0x00000fda      0x23e ./Drivers/display.o
 .debug_loc     0x00001218      0x4d7 ./Drivers/displayls013b7dh03.o
 .debug_loc     0x000016ef      0x74c ./Drivers/displaypalemlib.o
 .debug_loc     0x00001e3b      0x356 ./Drivers/retargetio.o
 .debug_loc     0x00002191      0x10f ./Drivers/retargettextdisplay.o
 .debug_loc     0x000022a0      0xf3f ./Drivers/textdisplay.o
 .debug_loc     0x000031df      0x431 ./Drivers/udelay.o
 .debug_loc     0x00003610     0x251f ./emlib/em_cmu.o
 .debug_loc     0x00005b2f      0x1b9 ./emlib/em_emu.o
 .debug_loc     0x00005ce8      0xab1 ./emlib/em_gpio.o
 .debug_loc     0x00006799      0x884 ./emlib/em_leuart.o
 .debug_loc     0x0000701d      0x18e ./emlib/em_prs.o
 .debug_loc     0x000071ab      0x1b4 ./emlib/em_rtc.o
 .debug_loc     0x0000735f     0x13b7 ./emlib/em_usart.o
 .debug_loc     0x00008716      0x1c0 ./src/main.o

.debug_aranges  0x00000000      0x720
 .debug_aranges
                0x00000000       0x40 ./BSP/bsp_bcc.o
 .debug_aranges
                0x00000040       0x48 ./BSP/bsp_stk.o
 .debug_aranges
                0x00000088       0x50 ./BSP/bsp_stk_leds.o
 .debug_aranges
                0x000000d8       0x20 ./CMSIS/EFM32ZG/startup_gcc_efm32zg.o
 .debug_aranges
                0x000000f8       0x68 ./CMSIS/EFM32ZG/system_efm32zg.o
 .debug_aranges
                0x00000160       0x38 ./Drivers/display.o
 .debug_aranges
                0x00000198       0x50 ./Drivers/displayls013b7dh03.o
 .debug_aranges
                0x000001e8       0x80 ./Drivers/displaypalemlib.o
 .debug_aranges
                0x00000268       0x68 ./Drivers/retargetio.o
 .debug_aranges
                0x000002d0       0x38 ./Drivers/retargettextdisplay.o
 .debug_aranges
                0x00000308       0x58 ./Drivers/textdisplay.o
 .debug_aranges
                0x00000360       0x28 ./Drivers/udelay.o
 .debug_aranges
                0x00000388       0x20 ./emlib/em_assert.o
 .debug_aranges
                0x000003a8       0xe8 ./emlib/em_cmu.o
 .debug_aranges
                0x00000490       0x50 ./emlib/em_emu.o
 .debug_aranges
                0x000004e0       0x48 ./emlib/em_gpio.o
 .debug_aranges
                0x00000528       0x18 ./emlib/em_int.o
 .debug_aranges
                0x00000540       0x80 ./emlib/em_leuart.o
 .debug_aranges
                0x000005c0       0x28 ./emlib/em_prs.o
 .debug_aranges
                0x000005e8       0x50 ./emlib/em_rtc.o
 .debug_aranges
                0x00000638       0xb8 ./emlib/em_usart.o
 .debug_aranges
                0x000006f0       0x30 ./src/main.o

.debug_ranges   0x00000000     0x1010
 .debug_ranges  0x00000000       0xa8 ./BSP/bsp_bcc.o
 .debug_ranges  0x000000a8       0x38 ./BSP/bsp_stk.o
 .debug_ranges  0x000000e0      0x178 ./BSP/bsp_stk_leds.o
 .debug_ranges  0x00000258       0xa0 ./CMSIS/EFM32ZG/system_efm32zg.o
 .debug_ranges  0x000002f8       0x28 ./Drivers/display.o
 .debug_ranges  0x00000320       0x58 ./Drivers/displayls013b7dh03.o
 .debug_ranges  0x00000378       0xb8 ./Drivers/displaypalemlib.o
 .debug_ranges  0x00000430       0x58 ./Drivers/retargetio.o
 .debug_ranges  0x00000488       0x28 ./Drivers/retargettextdisplay.o
 .debug_ranges  0x000004b0      0x158 ./Drivers/textdisplay.o
 .debug_ranges  0x00000608       0x60 ./Drivers/udelay.o
 .debug_ranges  0x00000668       0x10 ./emlib/em_assert.o
 .debug_ranges  0x00000678      0x3b8 ./emlib/em_cmu.o
 .debug_ranges  0x00000a30       0x70 ./emlib/em_emu.o
 .debug_ranges  0x00000aa0      0x190 ./emlib/em_gpio.o
 .debug_ranges  0x00000c30       0xe0 ./emlib/em_leuart.o
 .debug_ranges  0x00000d10       0x18 ./emlib/em_prs.o
 .debug_ranges  0x00000d28       0x70 ./emlib/em_rtc.o
 .debug_ranges  0x00000d98      0x240 ./emlib/em_usart.o
 .debug_ranges  0x00000fd8       0x38 ./src/main.o

.debug_line     0x00000000     0x4fad
 .debug_line    0x00000000      0x389 ./BSP/bsp_bcc.o
 .debug_line    0x00000389      0x1ab ./BSP/bsp_stk.o
 .debug_line    0x00000534      0x385 ./BSP/bsp_stk_leds.o
 .debug_line    0x000008b9       0x74 ./CMSIS/EFM32ZG/startup_gcc_efm32zg.o
 .debug_line    0x0000092d      0x299 ./CMSIS/EFM32ZG/system_efm32zg.o
 .debug_line    0x00000bc6      0x219 ./Drivers/display.o
 .debug_line    0x00000ddf      0x2f3 ./Drivers/displayls013b7dh03.o
 .debug_line    0x000010d2      0x4c8 ./Drivers/displaypalemlib.o
 .debug_line    0x0000159a      0x36d ./Drivers/retargetio.o
 .debug_line    0x00001907      0x359 ./Drivers/retargettextdisplay.o
 .debug_line    0x00001c60      0x694 ./Drivers/textdisplay.o
 .debug_line    0x000022f4      0x3b4 ./Drivers/udelay.o
 .debug_line    0x000026a8       0x44 ./emlib/em_assert.o
 .debug_line    0x000026ec      0xade ./emlib/em_cmu.o
 .debug_line    0x000031ca      0x3d7 ./emlib/em_emu.o
 .debug_line    0x000035a1      0x3ca ./emlib/em_gpio.o
 .debug_line    0x0000396b       0xb6 ./emlib/em_int.o
 .debug_line    0x00003a21      0x417 ./emlib/em_leuart.o
 .debug_line    0x00003e38      0x20e ./emlib/em_prs.o
 .debug_line    0x00004046      0x2ca ./emlib/em_rtc.o
 .debug_line    0x00004310      0x863 ./emlib/em_usart.o
 .debug_line    0x00004b73      0x43a ./src/main.o

.debug_str      0x00000000     0x309d
 .debug_str     0x00000000      0x83a ./BSP/bsp_bcc.o
                                0x897 (size before relaxing)
 .debug_str     0x0000083a       0x70 ./BSP/bsp_stk.o
                                0x2a6 (size before relaxing)
 .debug_str     0x000008aa      0x18d ./BSP/bsp_stk_leds.o
                                0x69c (size before relaxing)
 .debug_str     0x00000a37      0x1e0 ./CMSIS/EFM32ZG/system_efm32zg.o
                                0x3d4 (size before relaxing)
 .debug_str     0x00000c17      0x2a7 ./Drivers/display.o
                                0x454 (size before relaxing)
 .debug_str     0x00000ebe      0x19b ./Drivers/displayls013b7dh03.o
                                0x57b (size before relaxing)
 .debug_str     0x00001059      0x470 ./Drivers/displaypalemlib.o
                                0xc78 (size before relaxing)
 .debug_str     0x000014c9      0x520 ./Drivers/retargetio.o
                                0x733 (size before relaxing)
 .debug_str     0x000019e9      0x10e ./Drivers/retargettextdisplay.o
                                0x85b (size before relaxing)
 .debug_str     0x00001af7      0x2d0 ./Drivers/textdisplay.o
                                0x6e1 (size before relaxing)
 .debug_str     0x00001dc7      0x327 ./Drivers/udelay.o
                                0x8dc (size before relaxing)
 .debug_str     0x000020ee       0x1a ./emlib/em_assert.o
                                0x129 (size before relaxing)
 .debug_str     0x00002108      0x59a ./emlib/em_cmu.o
                                0xc3a (size before relaxing)
 .debug_str     0x000026a2      0x136 ./emlib/em_emu.o
                                0x42d (size before relaxing)
 .debug_str     0x000027d8      0x12a ./emlib/em_gpio.o
                                0x5cd (size before relaxing)
 .debug_str     0x00002902       0x12 ./emlib/em_int.o
                                0x1cd (size before relaxing)
 .debug_str     0x00002914      0x104 ./emlib/em_leuart.o
                                0x650 (size before relaxing)
 .debug_str     0x00002a18       0x69 ./emlib/em_prs.o
                                0x289 (size before relaxing)
 .debug_str     0x00002a81       0x38 ./emlib/em_rtc.o
                                0x2b3 (size before relaxing)
 .debug_str     0x00002ab9      0x538 ./emlib/em_usart.o
                                0xbea (size before relaxing)
 .debug_str     0x00002ff1       0xac ./src/main.o
                                0x696 (size before relaxing)

.debug_frame    0x00000000     0x184c
 .debug_frame   0x00000000       0x9c ./BSP/bsp_bcc.o
 .debug_frame   0x0000009c       0x98 ./BSP/bsp_stk.o
 .debug_frame   0x00000134       0xec ./BSP/bsp_stk_leds.o
 .debug_frame   0x00000220       0xc0 ./CMSIS/EFM32ZG/system_efm32zg.o
 .debug_frame   0x000002e0       0x70 ./Drivers/display.o
 .debug_frame   0x00000350       0xc8 ./Drivers/displayls013b7dh03.o
 .debug_frame   0x00000418      0x15c ./Drivers/displaypalemlib.o
 .debug_frame   0x00000574       0xd4 ./Drivers/retargetio.o
 .debug_frame   0x00000648       0x6c ./Drivers/retargettextdisplay.o
 .debug_frame   0x000006b4      0x134 ./Drivers/textdisplay.o
 .debug_frame   0x000007e8       0x4c ./Drivers/udelay.o
 .debug_frame   0x00000834       0x20 ./emlib/em_assert.o
 .debug_frame   0x00000854      0x280 ./emlib/em_cmu.o
 .debug_frame   0x00000ad4       0xa0 ./emlib/em_emu.o
 .debug_frame   0x00000b74       0xbc ./emlib/em_gpio.o
 .debug_frame   0x00000c30      0x128 ./emlib/em_leuart.o
 .debug_frame   0x00000d58       0x4c ./emlib/em_prs.o
 .debug_frame   0x00000da4       0x94 ./emlib/em_rtc.o
 .debug_frame   0x00000e38      0x200 ./emlib/em_usart.o
 .debug_frame   0x00001038       0x58 ./src/main.o
 .debug_frame   0x00001090       0x20 /home/nika/Software/SimplicityStudio4/SimplicityStudio_v4/developer/toolchains/gnu_arm/4.8_2013q4/bin/../lib/gcc/arm-none-eabi/4.8.3/armv6-m/libgcc.a(_udivsi3.o)
 .debug_frame   0x000010b0       0x28 /home/nika/Software/SimplicityStudio4/SimplicityStudio_v4/developer/toolchains/gnu_arm/4.8_2013q4/bin/../lib/gcc/arm-none-eabi/4.8.3/../../../../arm-none-eabi/lib/armv6-m/libc_s.a(lib_a-exit.o)
 .debug_frame   0x000010d8       0x2c /home/nika/Software/SimplicityStudio4/SimplicityStudio_v4/developer/toolchains/gnu_arm/4.8_2013q4/bin/../lib/gcc/arm-none-eabi/4.8.3/../../../../arm-none-eabi/lib/armv6-m/libc_s.a(lib_a-fileno.o)
 .debug_frame   0x00001104      0x148 /home/nika/Software/SimplicityStudio4/SimplicityStudio_v4/developer/toolchains/gnu_arm/4.8_2013q4/bin/../lib/gcc/arm-none-eabi/4.8.3/../../../../arm-none-eabi/lib/armv6-m/libc_s.a(lib_a-findfp.o)
 .debug_frame   0x0000124c       0x2c /home/nika/Software/SimplicityStudio4/SimplicityStudio_v4/developer/toolchains/gnu_arm/4.8_2013q4/bin/../lib/gcc/arm-none-eabi/4.8.3/../../../../arm-none-eabi/lib/armv6-m/libc_s.a(lib_a-init.o)
 .debug_frame   0x00001278       0x28 /home/nika/Software/SimplicityStudio4/SimplicityStudio_v4/developer/toolchains/gnu_arm/4.8_2013q4/bin/../lib/gcc/arm-none-eabi/4.8.3/../../../../arm-none-eabi/lib/armv6-m/libc_s.a(lib_a-memcpy-stub.o)
 .debug_frame   0x000012a0       0x20 /home/nika/Software/SimplicityStudio4/SimplicityStudio_v4/developer/toolchains/gnu_arm/4.8_2013q4/bin/../lib/gcc/arm-none-eabi/4.8.3/../../../../arm-none-eabi/lib/armv6-m/libc_s.a(lib_a-memset.o)
 .debug_frame   0x000012c0       0x2c /home/nika/Software/SimplicityStudio4/SimplicityStudio_v4/developer/toolchains/gnu_arm/4.8_2013q4/bin/../lib/gcc/arm-none-eabi/4.8.3/../../../../arm-none-eabi/lib/armv6-m/libc_s.a(lib_a-nano-mallocr.o)
 .debug_frame   0x000012ec       0x50 /home/nika/Software/SimplicityStudio4/SimplicityStudio_v4/developer/toolchains/gnu_arm/4.8_2013q4/bin/../lib/gcc/arm-none-eabi/4.8.3/../../../../arm-none-eabi/lib/armv6-m/libc_s.a(lib_a-printf.o)
 .debug_frame   0x0000133c       0x2c /home/nika/Software/SimplicityStudio4/SimplicityStudio_v4/developer/toolchains/gnu_arm/4.8_2013q4/bin/../lib/gcc/arm-none-eabi/4.8.3/../../../../arm-none-eabi/lib/armv6-m/libc_s.a(lib_a-sbrkr.o)
 .debug_frame   0x00001368       0x34 /home/nika/Software/SimplicityStudio4/SimplicityStudio_v4/developer/toolchains/gnu_arm/4.8_2013q4/bin/../lib/gcc/arm-none-eabi/4.8.3/../../../../arm-none-eabi/lib/armv6-m/libc_s.a(lib_a-setvbuf.o)
 .debug_frame   0x0000139c       0x90 /home/nika/Software/SimplicityStudio4/SimplicityStudio_v4/developer/toolchains/gnu_arm/4.8_2013q4/bin/../lib/gcc/arm-none-eabi/4.8.3/../../../../arm-none-eabi/lib/armv6-m/libc_s.a(lib_a-stdio.o)
 .debug_frame   0x0000142c       0x20 /home/nika/Software/SimplicityStudio4/SimplicityStudio_v4/developer/toolchains/gnu_arm/4.8_2013q4/bin/../lib/gcc/arm-none-eabi/4.8.3/../../../../arm-none-eabi/lib/armv6-m/libc_s.a(lib_a-strlen.o)
 .debug_frame   0x0000144c       0x28 /home/nika/Software/SimplicityStudio4/SimplicityStudio_v4/developer/toolchains/gnu_arm/4.8_2013q4/bin/../lib/gcc/arm-none-eabi/4.8.3/../../../../arm-none-eabi/lib/armv6-m/libc_s.a(lib_a-strncmp.o)
 .debug_frame   0x00001474       0xa0 /home/nika/Software/SimplicityStudio4/SimplicityStudio_v4/developer/toolchains/gnu_arm/4.8_2013q4/bin/../lib/gcc/arm-none-eabi/4.8.3/../../../../arm-none-eabi/lib/armv6-m/libc_s.a(lib_a-vfprintf.o)
 .debug_frame   0x00001514       0x54 /home/nika/Software/SimplicityStudio4/SimplicityStudio_v4/developer/toolchains/gnu_arm/4.8_2013q4/bin/../lib/gcc/arm-none-eabi/4.8.3/../../../../arm-none-eabi/lib/armv6-m/libc_s.a(lib_a-vfprintf_i.o)
 .debug_frame   0x00001568       0x44 /home/nika/Software/SimplicityStudio4/SimplicityStudio_v4/developer/toolchains/gnu_arm/4.8_2013q4/bin/../lib/gcc/arm-none-eabi/4.8.3/../../../../arm-none-eabi/lib/armv6-m/libc_s.a(lib_a-wbuf.o)
 .debug_frame   0x000015ac       0x2c /home/nika/Software/SimplicityStudio4/SimplicityStudio_v4/developer/toolchains/gnu_arm/4.8_2013q4/bin/../lib/gcc/arm-none-eabi/4.8.3/../../../../arm-none-eabi/lib/armv6-m/libc_s.a(lib_a-writer.o)
 .debug_frame   0x000015d8       0x2c /home/nika/Software/SimplicityStudio4/SimplicityStudio_v4/developer/toolchains/gnu_arm/4.8_2013q4/bin/../lib/gcc/arm-none-eabi/4.8.3/../../../../arm-none-eabi/lib/armv6-m/libc_s.a(lib_a-wsetup.o)
 .debug_frame   0x00001604       0x2c /home/nika/Software/SimplicityStudio4/SimplicityStudio_v4/developer/toolchains/gnu_arm/4.8_2013q4/bin/../lib/gcc/arm-none-eabi/4.8.3/../../../../arm-none-eabi/lib/armv6-m/libc_s.a(lib_a-closer.o)
 .debug_frame   0x00001630       0x68 /home/nika/Software/SimplicityStudio4/SimplicityStudio_v4/developer/toolchains/gnu_arm/4.8_2013q4/bin/../lib/gcc/arm-none-eabi/4.8.3/../../../../arm-none-eabi/lib/armv6-m/libc_s.a(lib_a-fflush.o)
 .debug_frame   0x00001698       0x2c /home/nika/Software/SimplicityStudio4/SimplicityStudio_v4/developer/toolchains/gnu_arm/4.8_2013q4/bin/../lib/gcc/arm-none-eabi/4.8.3/../../../../arm-none-eabi/lib/armv6-m/libc_s.a(lib_a-lseekr.o)
 .debug_frame   0x000016c4       0x30 /home/nika/Software/SimplicityStudio4/SimplicityStudio_v4/developer/toolchains/gnu_arm/4.8_2013q4/bin/../lib/gcc/arm-none-eabi/4.8.3/../../../../arm-none-eabi/lib/armv6-m/libc_s.a(lib_a-makebuf.o)
 .debug_frame   0x000016f4       0x40 /home/nika/Software/SimplicityStudio4/SimplicityStudio_v4/developer/toolchains/gnu_arm/4.8_2013q4/bin/../lib/gcc/arm-none-eabi/4.8.3/../../../../arm-none-eabi/lib/armv6-m/libc_s.a(lib_a-malloc.o)
 .debug_frame   0x00001734       0x20 /home/nika/Software/SimplicityStudio4/SimplicityStudio_v4/developer/toolchains/gnu_arm/4.8_2013q4/bin/../lib/gcc/arm-none-eabi/4.8.3/../../../../arm-none-eabi/lib/armv6-m/libc_s.a(lib_a-memchr-stub.o)
 .debug_frame   0x00001754       0x2c /home/nika/Software/SimplicityStudio4/SimplicityStudio_v4/developer/toolchains/gnu_arm/4.8_2013q4/bin/../lib/gcc/arm-none-eabi/4.8.3/../../../../arm-none-eabi/lib/armv6-m/libc_s.a(lib_a-nano-freer.o)
 .debug_frame   0x00001780       0x2c /home/nika/Software/SimplicityStudio4/SimplicityStudio_v4/developer/toolchains/gnu_arm/4.8_2013q4/bin/../lib/gcc/arm-none-eabi/4.8.3/../../../../arm-none-eabi/lib/armv6-m/libc_s.a(lib_a-readr.o)
 .debug_frame   0x000017ac       0x48 /home/nika/Software/SimplicityStudio4/SimplicityStudio_v4/developer/toolchains/gnu_arm/4.8_2013q4/bin/../lib/gcc/arm-none-eabi/4.8.3/../../../../arm-none-eabi/lib/armv6-m/libc_s.a(lib_a-reent.o)
 .debug_frame   0x000017f4       0x2c /home/nika/Software/SimplicityStudio4/SimplicityStudio_v4/developer/toolchains/gnu_arm/4.8_2013q4/bin/../lib/gcc/arm-none-eabi/4.8.3/../../../../arm-none-eabi/lib/armv6-m/libc_s.a(lib_a-fstatr.o)
 .debug_frame   0x00001820       0x2c /home/nika/Software/SimplicityStudio4/SimplicityStudio_v4/developer/toolchains/gnu_arm/4.8_2013q4/bin/../lib/gcc/arm-none-eabi/4.8.3/../../../../arm-none-eabi/lib/armv6-m/libc_s.a(lib_a-isattyr.o)
