Archive member included because of file (symbol)

/home/nika/Software/SimplicityStudio4/SimplicityStudio_v4/developer/toolchains/gnu_arm/4.8_2013q4/bin/../lib/gcc/arm-none-eabi/4.8.3/armv6-m/libgcc.a(_udivsi3.o)
                              ./Drivers/displaypalemlib.o (__aeabi_uidiv)
/home/nika/Software/SimplicityStudio4/SimplicityStudio_v4/developer/toolchains/gnu_arm/4.8_2013q4/bin/../lib/gcc/arm-none-eabi/4.8.3/armv6-m/libgcc.a(_dvmd_tls.o)
                              /home/nika/Software/SimplicityStudio4/SimplicityStudio_v4/developer/toolchains/gnu_arm/4.8_2013q4/bin/../lib/gcc/arm-none-eabi/4.8.3/armv6-m/libgcc.a(_udivsi3.o) (__aeabi_idiv0)
/home/nika/Software/SimplicityStudio4/SimplicityStudio_v4/developer/toolchains/gnu_arm/4.8_2013q4/bin/../lib/gcc/arm-none-eabi/4.8.3/armv6-m/libgcc.a(_clzsi2.o)
                              ./emlib/em_cmu.o (__clzsi2)
/home/nika/Software/SimplicityStudio4/SimplicityStudio_v4/developer/toolchains/gnu_arm/4.8_2013q4/bin/../lib/gcc/arm-none-eabi/4.8.3/armv6-m/libgcc.a(_aeabi_uldivmod.o)
                              ./emlib/em_usart.o (__aeabi_uldivmod)
/home/nika/Software/SimplicityStudio4/SimplicityStudio_v4/developer/toolchains/gnu_arm/4.8_2013q4/bin/../lib/gcc/arm-none-eabi/4.8.3/armv6-m/libgcc.a(_muldi3.o)
                              ./emlib/em_usart.o (__aeabi_lmul)
/home/nika/Software/SimplicityStudio4/SimplicityStudio_v4/developer/toolchains/gnu_arm/4.8_2013q4/bin/../lib/gcc/arm-none-eabi/4.8.3/armv6-m/libgcc.a(bpabi.o)
                              /home/nika/Software/SimplicityStudio4/SimplicityStudio_v4/developer/toolchains/gnu_arm/4.8_2013q4/bin/../lib/gcc/arm-none-eabi/4.8.3/armv6-m/libgcc.a(_aeabi_uldivmod.o) (__gnu_uldivmod_helper)
/home/nika/Software/SimplicityStudio4/SimplicityStudio_v4/developer/toolchains/gnu_arm/4.8_2013q4/bin/../lib/gcc/arm-none-eabi/4.8.3/armv6-m/libgcc.a(_divdi3.o)
                              /home/nika/Software/SimplicityStudio4/SimplicityStudio_v4/developer/toolchains/gnu_arm/4.8_2013q4/bin/../lib/gcc/arm-none-eabi/4.8.3/armv6-m/libgcc.a(bpabi.o) (__divdi3)
/home/nika/Software/SimplicityStudio4/SimplicityStudio_v4/developer/toolchains/gnu_arm/4.8_2013q4/bin/../lib/gcc/arm-none-eabi/4.8.3/armv6-m/libgcc.a(_udivdi3.o)
                              /home/nika/Software/SimplicityStudio4/SimplicityStudio_v4/developer/toolchains/gnu_arm/4.8_2013q4/bin/../lib/gcc/arm-none-eabi/4.8.3/armv6-m/libgcc.a(bpabi.o) (__udivdi3)
/home/nika/Software/SimplicityStudio4/SimplicityStudio_v4/developer/toolchains/gnu_arm/4.8_2013q4/bin/../lib/gcc/arm-none-eabi/4.8.3/../../../../arm-none-eabi/lib/armv6-m/libc_s.a(lib_a-ctype_.o)
                              ./Drivers/textdisplay.o (__ctype_ptr__)
/home/nika/Software/SimplicityStudio4/SimplicityStudio_v4/developer/toolchains/gnu_arm/4.8_2013q4/bin/../lib/gcc/arm-none-eabi/4.8.3/../../../../arm-none-eabi/lib/armv6-m/libc_s.a(lib_a-exit.o)
                              /home/nika/Software/SimplicityStudio4/SimplicityStudio_v4/developer/toolchains/gnu_arm/4.8_2013q4/bin/../lib/gcc/arm-none-eabi/4.8.3/../../../../arm-none-eabi/lib/armv6-m/crt0.o (exit)
/home/nika/Software/SimplicityStudio4/SimplicityStudio_v4/developer/toolchains/gnu_arm/4.8_2013q4/bin/../lib/gcc/arm-none-eabi/4.8.3/../../../../arm-none-eabi/lib/armv6-m/libc_s.a(lib_a-fileno.o)
                              ./Drivers/retargetio.o (fileno)
/home/nika/Software/SimplicityStudio4/SimplicityStudio_v4/developer/toolchains/gnu_arm/4.8_2013q4/bin/../lib/gcc/arm-none-eabi/4.8.3/../../../../arm-none-eabi/lib/armv6-m/libc_s.a(lib_a-findfp.o)
                              /home/nika/Software/SimplicityStudio4/SimplicityStudio_v4/developer/toolchains/gnu_arm/4.8_2013q4/bin/../lib/gcc/arm-none-eabi/4.8.3/../../../../arm-none-eabi/lib/armv6-m/libc_s.a(lib_a-fileno.o) (__sinit)
/home/nika/Software/SimplicityStudio4/SimplicityStudio_v4/developer/toolchains/gnu_arm/4.8_2013q4/bin/../lib/gcc/arm-none-eabi/4.8.3/../../../../arm-none-eabi/lib/armv6-m/libc_s.a(lib_a-fwalk.o)
                              /home/nika/Software/SimplicityStudio4/SimplicityStudio_v4/developer/toolchains/gnu_arm/4.8_2013q4/bin/../lib/gcc/arm-none-eabi/4.8.3/../../../../arm-none-eabi/lib/armv6-m/libc_s.a(lib_a-findfp.o) (_fwalk)
/home/nika/Software/SimplicityStudio4/SimplicityStudio_v4/developer/toolchains/gnu_arm/4.8_2013q4/bin/../lib/gcc/arm-none-eabi/4.8.3/../../../../arm-none-eabi/lib/armv6-m/libc_s.a(lib_a-impure.o)
                              /home/nika/Software/SimplicityStudio4/SimplicityStudio_v4/developer/toolchains/gnu_arm/4.8_2013q4/bin/../lib/gcc/arm-none-eabi/4.8.3/../../../../arm-none-eabi/lib/armv6-m/libc_s.a(lib_a-exit.o) (_global_impure_ptr)
/home/nika/Software/SimplicityStudio4/SimplicityStudio_v4/developer/toolchains/gnu_arm/4.8_2013q4/bin/../lib/gcc/arm-none-eabi/4.8.3/../../../../arm-none-eabi/lib/armv6-m/libc_s.a(lib_a-init.o)
[...]
Memory Configuration

Name             Origin             Length             Attributes
FLASH            0x00000000         0x00008000         xr
RAM              0x20000000         0x00001000         xrw
*default*        0x00000000         0xffffffff

Linker script and memory map

LOAD /home/nika/Software/SimplicityStudio4/SimplicityStudio_v4/developer/toolchains/gnu_arm/4.8_2013q4/bin/../lib/gcc/arm-none-eabi/4.8.3/armv6-m/crti.o
LOAD /home/nika/Software/SimplicityStudio4/SimplicityStudio_v4/developer/toolchains/gnu_arm/4.8_2013q4/bin/../lib/gcc/arm-none-eabi/4.8.3/armv6-m/crtbegin.o
LOAD /home/nika/Software/SimplicityStudio4/SimplicityStudio_v4/developer/toolchains/gnu_arm/4.8_2013q4/bin/../lib/gcc/arm-none-eabi/4.8.3/../../../../arm-none-eabi/lib/armv6-m/crt0.o
LOAD ./BSP/bsp_bcc.o
LOAD ./BSP/bsp_stk.o
LOAD ./BSP/bsp_stk_leds.o
LOAD ./CMSIS/EFM32ZG/startup_gcc_efm32zg.o
LOAD ./CMSIS/EFM32ZG/system_efm32zg.o
LOAD ./Drivers/display.o
LOAD ./Drivers/displayls013b7dh03.o
LOAD ./Drivers/displaypalemlib.o
LOAD ./Drivers/retargetio.o
LOAD ./Drivers/retargettextdisplay.o
LOAD ./Drivers/textdisplay.o
LOAD ./Drivers/udelay.o
LOAD ./emlib/em_assert.o
LOAD ./emlib/em_cmu.o
LOAD ./emlib/em_ebi.o
LOAD ./emlib/em_emu.o
LOAD ./emlib/em_gpio.o
LOAD ./emlib/em_int.o
LOAD ./emlib/em_leuart.o
LOAD ./emlib/em_prs.o
LOAD ./emlib/em_rtc.o
LOAD ./emlib/em_system.o
LOAD ./emlib/em_usart.o
LOAD ./src/main.o
START GROUP
LOAD /home/nika/Software/SimplicityStudio4/SimplicityStudio_v4/developer/toolchains/gnu_arm/4.8_2013q4/bin/../lib/gcc/arm-none-eabi/4.8.3/armv6-m/libgcc.a
LOAD /home/nika/Software/SimplicityStudio4/SimplicityStudio_v4/developer/toolchains/gnu_arm/4.8_2013q4/bin/../lib/gcc/arm-none-eabi/4.8.3/../../../../arm-none-eabi/lib/armv6-m/libc_s.a
LOAD /home/nika/Software/SimplicityStudio4/SimplicityStudio_v4/developer/toolchains/gnu_arm/4.8_2013q4/bin/../lib/gcc/arm-none-eabi/4.8.3/../../../../arm-none-eabi/lib/armv6-m/libnosys.a
END GROUP
START GROUP
LOAD /home/nika/Software/SimplicityStudio4/SimplicityStudio_v4/developer/toolchains/gnu_arm/4.8_2013q4/bin/../lib/gcc/arm-none-eabi/4.8.3/armv6-m/libgcc.a
LOAD /home/nika/Software/SimplicityStudio4/SimplicityStudio_v4/developer/toolchains/gnu_arm/4.8_2013q4/bin/../lib/gcc/arm-none-eabi/4.8.3/../../../../arm-none-eabi/lib/armv6-m/libg_s.a
LOAD /home/nika/Software/SimplicityStudio4/SimplicityStudio_v4/developer/toolchains/gnu_arm/4.8_2013q4/bin/../lib/gcc/arm-none-eabi/4.8.3/../../../../arm-none-eabi/lib/armv6-m/libc_s.a
END GROUP
START GROUP
LOAD /home/nika/Software/SimplicityStudio4/SimplicityStudio_v4/developer/toolchains/gnu_arm/4.8_2013q4/bin/../lib/gcc/arm-none-eabi/4.8.3/armv6-m/libgcc.a
LOAD /home/nika/Software/SimplicityStudio4/SimplicityStudio_v4/developer/toolchains/gnu_arm/4.8_2013q4/bin/../lib/gcc/arm-none-eabi/4.8.3/../../../../arm-none-eabi/lib/armv6-m/libc_s.a
END GROUP
LOAD /home/nika/Software/SimplicityStudio4/SimplicityStudio_v4/developer/toolchains/gnu_arm/4.8_2013q4/bin/../lib/gcc/arm-none-eabi/4.8.3/armv6-m/crtend.o
LOAD /home/nika/Software/SimplicityStudio4/SimplicityStudio_v4/developer/toolchains/gnu_arm/4.8_2013q4/bin/../lib/gcc/arm-none-eabi/4.8.3/armv6-m/crtn.o

.text           0x00000000     0x4fe0
 *(.vectors)
 .vectors       0x00000000       0x8c ./CMSIS/EFM32ZG/startup_gcc_efm32zg.o
                0x00000000                __Vectors
                0x0000008c                __Vectors_End = .
                0x0000008c                __Vectors_Size = (__Vectors_End - __Vectors)
                0x0000008c                __end__ = .
 *(.text*)
 .text          0x0000008c       0x60 /home/nika/Software/SimplicityStudio4/SimplicityStudio_v4/developer/toolchains/gnu_arm/4.8_2013q4/bin/../lib/gcc/arm-none-eabi/4.8.3/armv6-m/crtbegin.o
 .text          0x000000ec       0x78 /home/nika/Software/SimplicityStudio4/SimplicityStudio_v4/developer/toolchains/gnu_arm/4.8_2013q4/bin/../lib/gcc/arm-none-eabi/4.8.3/../../../../arm-none-eabi/lib/armv6-m/crt0.o
                0x000000ec                _mainCRTStartup
                0x000000ec                _start
 .text.BSP_BccInit
                0x00000164       0x98 ./BSP/bsp_bcc.o
                0x00000164                BSP_BccInit
 .text.BSP_BccPinsEnable
                0x000001fc       0x80 ./BSP/bsp_bcc.o
                0x000001fc                BSP_BccPinsEnable
 .text.BSP_Init
                0x0000027c       0x20 ./BSP/bsp_stk.o
                0x0000027c                BSP_Init
 .text.GPIO_PinOutClear
                0x0000029c       0xb8 ./BSP/bsp_stk_leds.o
 .text.GPIO_PinOutSet
                0x00000354       0xb8 ./BSP/bsp_stk_leds.o
 .text.BSP_LedsInit
                0x0000040c       0x64 ./BSP/bsp_stk_leds.o
                0x0000040c                BSP_LedsInit
 .text.BSP_LedsSet
                0x00000470       0x74 ./BSP/bsp_stk_leds.o
                0x00000470                BSP_LedsSet
 .text          0x000004e4       0x30 ./CMSIS/EFM32ZG/startup_gcc_efm32zg.o
                0x000004e4                Reset_Handler
                0x00000510                I2C0_IRQHandler
                0x00000510                HardFault_Handler
                0x00000510                USART1_RX_IRQHandler
                0x00000510                PendSV_Handler
                0x00000510                NMI_Handler
                0x00000510                USART1_TX_IRQHandler
                0x00000510                MSC_IRQHandler
                0x00000510                ADC0_IRQHandler
                0x00000510                LEUART0_IRQHandler
                0x00000510                GPIO_EVEN_IRQHandler
                0x00000510                RTC_IRQHandler
                0x00000510                TIMER0_IRQHandler
                0x00000510                TIMER1_IRQHandler
                0x00000510                Default_Handler
                0x00000510                PCNT0_IRQHandler
                0x00000510                ACMP0_IRQHandler
                0x00000510                SVC_Handler
                0x00000510                CMU_IRQHandler
                0x00000510                GPIO_ODD_IRQHandler
                0x00000510                AES_IRQHandler
                0x00000510                VCMP_IRQHandler
                0x00000510                DMA_IRQHandler
 .text.SystemCoreClockGet
                0x00000514       0x3c ./CMSIS/EFM32ZG/system_efm32zg.o
                0x00000514                SystemCoreClockGet
 .text.SystemMaxCoreClockGet
                0x00000550       0x10 ./CMSIS/EFM32ZG/system_efm32zg.o
                0x00000550                SystemMaxCoreClockGet
 .text.SystemHFClockGet
                0x00000560       0xcc ./CMSIS/EFM32ZG/system_efm32zg.o
                0x00000560                SystemHFClockGet
 .text.SystemInit
                0x0000062c        0x8 ./CMSIS/EFM32ZG/system_efm32zg.o
                0x0000062c                SystemInit
 .text.SystemLFRCOClockGet
                0x00000634       0x10 ./CMSIS/EFM32ZG/system_efm32zg.o
                0x00000634                SystemLFRCOClockGet
 .text.SystemULFRCOClockGet
                0x00000644       0x10 ./CMSIS/EFM32ZG/system_efm32zg.o
                0x00000644                SystemULFRCOClockGet
 .text.SystemLFXOClockGet
                0x00000654       0x14 ./CMSIS/EFM32ZG/system_efm32zg.o
                0x00000654                SystemLFXOClockGet
 .text.DISPLAY_Init
                0x00000668       0x54 ./Drivers/display.o
                0x00000668                DISPLAY_Init
 .text.DISPLAY_DeviceGet
                0x000006bc       0x60 ./Drivers/display.o
                0x000006bc                DISPLAY_DeviceGet
 .text.DISPLAY_DeviceRegister
                0x0000071c       0x6c ./Drivers/display.o
                0x0000071c                DISPLAY_DeviceRegister
 .text.DISPLAY_Ls013b7dh03Init
                0x00000788      0x104 ./Drivers/displayls013b7dh03.o
                0x00000788                DISPLAY_Ls013b7dh03Init
 .text.DriverRefresh
                0x0000088c       0x20 ./Drivers/displayls013b7dh03.o
 .text.DisplayEnable
                0x000008ac       0x44 ./Drivers/displayls013b7dh03.o
 .text.DisplayClear
                0x000008f0       0x4c ./Drivers/displayls013b7dh03.o
 .text.PixelMatrixAllocate
                0x0000093c       0x68 ./Drivers/displayls013b7dh03.o
 .text.PixelMatrixFree
                0x000009a4       0x18 ./Drivers/displayls013b7dh03.o
 .text.PixelMatrixClear
                0x000009bc       0x44 ./Drivers/displayls013b7dh03.o
 .text.PixelMatrixDraw
                0x00000a00       0xc4 ./Drivers/displayls013b7dh03.o
 .text.GPIO_PinOutClear
                0x00000ac4       0xb8 ./Drivers/displaypalemlib.o
 .text.GPIO_PinOutSet
                0x00000b7c       0xb8 ./Drivers/displaypalemlib.o
 .text.PAL_SpiInit
                0x00000c34       0x58 ./Drivers/displaypalemlib.o
                0x00000c34                PAL_SpiInit
 .text.PAL_SpiTransmit
                0x00000c8c       0x74 ./Drivers/displaypalemlib.o
                0x00000c8c                PAL_SpiTransmit
 .text.PAL_TimerInit
                0x00000d00       0x18 ./Drivers/displaypalemlib.o
                0x00000d00                PAL_TimerInit
 .text.PAL_TimerMicroSecondsDelay
                0x00000d18       0x20 ./Drivers/displaypalemlib.o
                0x00000d18                PAL_TimerMicroSecondsDelay
 .text.PAL_GpioInit
                0x00000d38       0x24 ./Drivers/displaypalemlib.o
                0x00000d38                PAL_GpioInit
 .text.PAL_GpioPinModeSet
                0x00000d5c       0x4c ./Drivers/displaypalemlib.o
                0x00000d5c                PAL_GpioPinModeSet
 .text.PAL_GpioPinOutSet
                0x00000da8       0x28 ./Drivers/displaypalemlib.o
                0x00000da8                PAL_GpioPinOutSet
 .text.PAL_GpioPinOutClear
                0x00000dd0       0x28 ./Drivers/displaypalemlib.o
                0x00000dd0                PAL_GpioPinOutClear
 .text.PAL_GpioPinAutoToggle
                0x00000df8       0x80 ./Drivers/displaypalemlib.o
                0x00000df8                PAL_GpioPinAutoToggle
 .text.palClockSetup
                0x00000e78       0x28 ./Drivers/displaypalemlib.o
 .text.rtcSetup
                0x00000ea0       0x9c ./Drivers/displaypalemlib.o
 .text._close   0x00000f3c       0x14 ./Drivers/retargetio.o
                0x00000f3c                _close
 .text._exit    0x00000f50        0xc ./Drivers/retargetio.o
                0x00000f50                _exit
 .text._fstat   0x00000f5c       0x1c ./Drivers/retargetio.o
                0x00000f5c                _fstat
 .text._isatty  0x00000f78       0x14 ./Drivers/retargetio.o
                0x00000f78                _isatty
 .text._lseek   0x00000f8c       0x18 ./Drivers/retargetio.o
                0x00000f8c                _lseek
 .text._read    0x00000fa4       0x58 ./Drivers/retargetio.o
                0x00000fa4                _read
 .text._sbrk    0x00000ffc       0x80 ./Drivers/retargetio.o
                0x00000ffc                _sbrk
 .text._write   0x0000107c       0x38 ./Drivers/retargetio.o
                0x0000107c                _write
 .text.RETARGET_TextDisplayInit
                0x000010b4       0x68 ./Drivers/retargettextdisplay.o
                0x000010b4                RETARGET_TextDisplayInit
 .text.RETARGET_ReadChar
                0x0000111c       0x10 ./Drivers/retargettextdisplay.o
                0x0000111c                RETARGET_ReadChar
 .text.RETARGET_WriteChar
                0x0000112c       0x3c ./Drivers/retargettextdisplay.o
                0x0000112c                RETARGET_WriteChar
 .text.TEXTDISPLAY_New
                0x00001168      0x1d4 ./Drivers/textdisplay.o
                0x00001168                TEXTDISPLAY_New
 .text.TEXTDISPLAY_WriteChar
                0x0000133c       0xf4 ./Drivers/textdisplay.o
                0x0000133c                TEXTDISPLAY_WriteChar
 .text.TextdisplayClear
                0x00001430       0x44 ./Drivers/textdisplay.o
 .text.TextdisplayScrollUp
                0x00001474       0x8c ./Drivers/textdisplay.o
 .text.TextdisplayEscapeSequence
                0x00001500      0x1b4 ./Drivers/textdisplay.o
 .text.TextdisplayCharAdd
                0x000016b4      0x154 ./Drivers/textdisplay.o
 .text.TextdisplayLineDraw
                0x00001808      0x1d8 ./Drivers/textdisplay.o
 .text.TextdisplayUpdate
                0x000019e0      0x118 ./Drivers/textdisplay.o
 .text.NVIC_ClearPendingIRQ
                0x00001af8       0x2c ./Drivers/udelay.o
 .text.INT_Disable
                0x00001b24       0x28 ./Drivers/udelay.o
 .text.INT_Enable
                0x00001b4c       0x38 ./Drivers/udelay.o
 .text.RTC_CounterGet
                0x00001b84       0x14 ./Drivers/udelay.o
 .text.UDELAY_Calibrate
                0x00001b98      0x1f4 ./Drivers/udelay.o
                0x00001b98                UDELAY_Calibrate
 .text.UDELAY_Delay
                0x00001d8c       0x34 ./Drivers/udelay.o
                0x00001d8c                UDELAY_Delay
 .text.calibrate_delay
                0x00001dc0       0xdc ./Drivers/udelay.o
 .text.clock    0x00001e9c       0x10 ./Drivers/udelay.o
 .text._delay   0x00001eac       0x14 ./Drivers/udelay.o
 .text.assertEFM
                0x00001ec0        0xc ./emlib/em_assert.o
                0x00001ec0                assertEFM
 .text.BUS_RegBitWrite
                0x00001ecc       0x3c ./emlib/em_cmu.o
 .text.BUS_RegBitRead
                0x00001f08       0x20 ./emlib/em_cmu.o
 .text.CMU_DivToLog2
                0x00001f28       0x44 ./emlib/em_cmu.o
 .text.CMU_Log2ToDiv
                0x00001f6c       0x1c ./emlib/em_cmu.o
 .text.SYSTEM_GetProdRev
                0x00001f88       0x18 ./emlib/em_cmu.o
 .text.auxClkGet
                0x00001fa0       0xc0 ./emlib/em_cmu.o
 .text.dbgClkGet
                0x00002060       0x5c ./emlib/em_cmu.o
 .text.flashWaitStateControl
                0x000020bc       0x7c ./emlib/em_cmu.o
 .text.flashWaitStateMax
                0x00002138       0x14 ./emlib/em_cmu.o
 .text.lfClkGet
                0x0000214c      0x110 ./emlib/em_cmu.o
 .text.syncReg  0x0000225c       0x2c ./emlib/em_cmu.o
 .text.CMU_ClockDivGet
                0x00002288       0xfc ./emlib/em_cmu.o
                0x00002288                CMU_ClockDivGet
 .text.CMU_ClockDivSet
                0x00002384      0x1a8 ./emlib/em_cmu.o
                0x00002384                CMU_ClockDivSet
 .text.CMU_ClockEnable
                0x0000252c       0xb4 ./emlib/em_cmu.o
                0x0000252c                CMU_ClockEnable
 .text.CMU_ClockFreqGet
                0x000025e0      0x14c ./emlib/em_cmu.o
                0x000025e0                CMU_ClockFreqGet
 .text.CMU_ClockSelectGet
                0x0000272c      0x154 ./emlib/em_cmu.o
                0x0000272c                CMU_ClockSelectGet
 .text.CMU_ClockSelectSet
                0x00002880      0x1a8 ./emlib/em_cmu.o
                0x00002880                CMU_ClockSelectSet
 .text.CMU_OscillatorEnable
                0x00002a28       0xcc ./emlib/em_cmu.o
                0x00002a28                CMU_OscillatorEnable
 .text.EMU_UpdateOscConfig
                0x00002af4       0x18 ./emlib/em_emu.o
                0x00002af4                EMU_UpdateOscConfig
 .text.GPIO_PinOutClear
                0x00002b0c       0xb8 ./emlib/em_gpio.o
 .text.GPIO_PinOutSet
                0x00002bc4       0xb8 ./emlib/em_gpio.o
 .text.GPIO_PinModeSet
                0x00002c7c      0x1bc ./emlib/em_gpio.o
                0x00002c7c                GPIO_PinModeSet
 .text.LEUART_Sync
                0x00002e38       0x28 ./emlib/em_leuart.o
 .text.LEUART_BaudrateSet
                0x00002e60       0xb0 ./emlib/em_leuart.o
                0x00002e60                LEUART_BaudrateSet
 .text.LEUART_FreezeEnable
                0x00002f10       0x34 ./emlib/em_leuart.o
                0x00002f10                LEUART_FreezeEnable
 .text.LEUART_Init
                0x00002f44       0x94 ./emlib/em_leuart.o
                0x00002f44                LEUART_Init
 .text.PRS_SourceAsyncSignalSet
                0x00002fd8       0x4c ./emlib/em_prs.o
                0x00002fd8                PRS_SourceAsyncSignalSet
 .text.BUS_RegBitWrite
                0x00003024       0x3c ./emlib/em_rtc.o
 .text.RTC_CompareSet
                0x00003060       0x54 ./emlib/em_rtc.o
                0x00003060                RTC_CompareSet
 .text.RTC_Enable
                0x000030b4       0x28 ./emlib/em_rtc.o
                0x000030b4                RTC_Enable
 .text.RTC_FreezeEnable
                0x000030dc       0x2c ./emlib/em_rtc.o
                0x000030dc                RTC_FreezeEnable
 .text.RTC_Init
                0x00003108       0x4c ./emlib/em_rtc.o
                0x00003108                RTC_Init
 .text.RTC_CounterReset
                0x00003154       0x14 ./emlib/em_rtc.o
                0x00003154                RTC_CounterReset
 .text.BUS_RegMaskedWrite
                0x00003168       0x24 ./emlib/em_usart.o
 .text.USART_BaudrateSyncSet
                0x0000318c       0xb4 ./emlib/em_usart.o
                0x0000318c                USART_BaudrateSyncSet
 .text.USART_InitSync
                0x00003240       0xcc ./emlib/em_usart.o
                0x00003240                USART_InitSync
 .text.USART_Reset
                0x0000330c       0x8c ./emlib/em_usart.o
                0x0000330c                USART_Reset
 .text.USART_Tx
                0x00003398       0x28 ./emlib/em_usart.o
                0x00003398                USART_Tx
 .text.USART_TxDouble
                0x000033c0       0x28 ./emlib/em_usart.o
                0x000033c0                USART_TxDouble
 .text.NVIC_SetPriority
                0x000033e8       0xe0 ./src/main.o
 .text.SysTick_Config
                0x000034c8       0x48 ./src/main.o
 .text.CHIP_Init
                0x00003510        0x8 ./src/main.o
 .text.SysTick_Handler
                0x00003518       0x18 ./src/main.o
                0x00003518                SysTick_Handler
 .text.Delay    0x00003530       0x28 ./src/main.o
                0x00003530                Delay
 .text.main     0x00003558      0x140 ./src/main.o
                0x00003558                main
 .text          0x00003698       0x9c /home/nika/Software/SimplicityStudio4/SimplicityStudio_v4/developer/toolchains/gnu_arm/4.8_2013q4/bin/../lib/gcc/arm-none-eabi/4.8.3/armv6-m/libgcc.a(_udivsi3.o)
                0x00003698                __udivsi3
                0x00003698                __aeabi_uidiv
                0x00003720                __aeabi_uidivmod
 .text          0x00003734        0x4 /home/nika/Software/SimplicityStudio4/SimplicityStudio_v4/developer/toolchains/gnu_arm/4.8_2013q4/bin/../lib/gcc/arm-none-eabi/4.8.3/armv6-m/libgcc.a(_dvmd_tls.o)
                0x00003734                __aeabi_ldiv0
                0x00003734                __aeabi_idiv0
 .text          0x00003738       0x3c /home/nika/Software/SimplicityStudio4/SimplicityStudio_v4/developer/toolchains/gnu_arm/4.8_2013q4/bin/../lib/gcc/arm-none-eabi/4.8.3/armv6-m/libgcc.a(_clzsi2.o)
                0x00003738                __clzsi2
 .text.exit     0x00003774       0x2c /home/nika/Software/SimplicityStudio4/SimplicityStudio_v4/developer/toolchains/gnu_arm/4.8_2013q4/bin/../lib/gcc/arm-none-eabi/4.8.3/../../../../arm-none-eabi/lib/armv6-m/libc_s.a(lib_a-exit.o)
                0x00003774                exit
 .text.fileno   0x000037a0       0x60 /home/nika/Software/SimplicityStudio4/SimplicityStudio_v4/developer/toolchains/gnu_arm/4.8_2013q4/bin/../lib/gcc/arm-none-eabi/4.8.3/../../../../arm-none-eabi/lib/armv6-m/libc_s.a(lib_a-fileno.o)
                0x000037a0                fileno
 .text._cleanup_r
                0x00003800       0x34 /home/nika/Software/SimplicityStudio4/SimplicityStudio_v4/developer/toolchains/gnu_arm/4.8_2013q4/bin/../lib/gcc/arm-none-eabi/4.8.3/../../../../arm-none-eabi/lib/armv6-m/libc_s.a(lib_a-findfp.o)
                0x00003800                _cleanup_r
 .text.std.isra.0
                0x00003834       0x48 /home/nika/Software/SimplicityStudio4/SimplicityStudio_v4/developer/toolchains/gnu_arm/4.8_2013q4/bin/../lib/gcc/arm-none-eabi/4.8.3/../../../../arm-none-eabi/lib/armv6-m/libc_s.a(lib_a-findfp.o)
 .text.__sfmoreglue
                0x0000387c       0x2c /home/nika/Software/SimplicityStudio4/SimplicityStudio_v4/developer/toolchains/gnu_arm/4.8_2013q4/bin/../lib/gcc/arm-none-eabi/4.8.3/../../../../arm-none-eabi/lib/armv6-m/libc_s.a(lib_a-findfp.o)
                0x0000387c                __sfmoreglue
 .text.__sinit  0x000038a8       0x64 /home/nika/Software/SimplicityStudio4/SimplicityStudio_v4/developer/toolchains/gnu_arm/4.8_2013q4/bin/../lib/gcc/arm-none-eabi/4.8.3/../../../../arm-none-eabi/lib/armv6-m/libc_s.a(lib_a-findfp.o)
                0x000038a8                __sinit
 .text.__sfp    0x0000390c       0x7c /home/nika/Software/SimplicityStudio4/SimplicityStudio_v4/developer/toolchains/gnu_arm/4.8_2013q4/bin/../lib/gcc/arm-none-eabi/4.8.3/../../../../arm-none-eabi/lib/armv6-m/libc_s.a(lib_a-findfp.o)
                0x0000390c                __sfp
 .text.__libc_init_array
                0x00003988       0x4c /home/nika/Software/SimplicityStudio4/SimplicityStudio_v4/developer/toolchains/gnu_arm/4.8_2013q4/bin/../lib/gcc/arm-none-eabi/4.8.3/../../../../arm-none-eabi/lib/armv6-m/libc_s.a(lib_a-init.o)
                0x00003988                __libc_init_array
 .text.memcpy   0x000039d4       0x12 /home/nika/Software/SimplicityStudio4/SimplicityStudio_v4/developer/toolchains/gnu_arm/4.8_2013q4/bin/../lib/gcc/arm-none-eabi/4.8.3/../../../../arm-none-eabi/lib/armv6-m/libc_s.a(lib_a-memcpy-stub.o)
                0x000039d4                memcpy
 .text.memset   0x000039e6       0x10 /home/nika/Software/SimplicityStudio4/SimplicityStudio_v4/developer/toolchains/gnu_arm/4.8_2013q4/bin/../lib/gcc/arm-none-eabi/4.8.3/../../../../arm-none-eabi/lib/armv6-m/libc_s.a(lib_a-memset.o)
                0x000039e6                memset
 *fill*         0x000039f6        0x2 
 .text._malloc_r
                0x000039f8       0xa8 /home/nika/Software/SimplicityStudio4/SimplicityStudio_v4/developer/toolchains/gnu_arm/4.8_2013q4/bin/../lib/gcc/arm-none-eabi/4.8.3/../../../../arm-none-eabi/lib/armv6-m/libc_s.a(lib_a-nano-mallocr.o)
                0x000039f8                _malloc_r
 .text.printf   0x00003aa0       0x34 /home/nika/Software/SimplicityStudio4/SimplicityStudio_v4/developer/toolchains/gnu_arm/4.8_2013q4/bin/../lib/gcc/arm-none-eabi/4.8.3/../../../../arm-none-eabi/lib/armv6-m/libc_s.a(lib_a-printf.o)
                0x00003aa0                printf
                0x00003aa0                iprintf
 .text._sbrk_r  0x00003ad4       0x24 /home/nika/Software/SimplicityStudio4/SimplicityStudio_v4/developer/toolchains/gnu_arm/4.8_2013q4/bin/../lib/gcc/arm-none-eabi/4.8.3/../../../../arm-none-eabi/lib/armv6-m/libc_s.a(lib_a-sbrkr.o)
                0x00003ad4                _sbrk_r
 .text.setvbuf  0x00003af8      0x10c /home/nika/Software/SimplicityStudio4/SimplicityStudio_v4/developer/toolchains/gnu_arm/4.8_2013q4/bin/../lib/gcc/arm-none-eabi/4.8.3/../../../../arm-none-eabi/lib/armv6-m/libc_s.a(lib_a-setvbuf.o)
                0x00003af8                setvbuf
 .text.__sread  0x00003c04       0x28 /home/nika/Software/SimplicityStudio4/SimplicityStudio_v4/developer/toolchains/gnu_arm/4.8_2013q4/bin/../lib/gcc/arm-none-eabi/4.8.3/../../../../arm-none-eabi/lib/armv6-m/libc_s.a(lib_a-stdio.o)
                0x00003c04                __sread
 .text.__swrite
                0x00003c2c       0x38 /home/nika/Software/SimplicityStudio4/SimplicityStudio_v4/developer/toolchains/gnu_arm/4.8_2013q4/bin/../lib/gcc/arm-none-eabi/4.8.3/../../../../arm-none-eabi/lib/armv6-m/libc_s.a(lib_a-stdio.o)
                0x00003c2c                __swrite
 .text.__sseek  0x00003c64       0x2c /home/nika/Software/SimplicityStudio4/SimplicityStudio_v4/developer/toolchains/gnu_arm/4.8_2013q4/bin/../lib/gcc/arm-none-eabi/4.8.3/../../../../arm-none-eabi/lib/armv6-m/libc_s.a(lib_a-stdio.o)
                0x00003c64                __sseek
 .text.__sclose
                0x00003c90        0xc /home/nika/Software/SimplicityStudio4/SimplicityStudio_v4/developer/toolchains/gnu_arm/4.8_2013q4/bin/../lib/gcc/arm-none-eabi/4.8.3/../../../../arm-none-eabi/lib/armv6-m/libc_s.a(lib_a-stdio.o)
                0x00003c90                __sclose
 .text.strlen   0x00003c9c        0xe /home/nika/Software/SimplicityStudio4/SimplicityStudio_v4/developer/toolchains/gnu_arm/4.8_2013q4/bin/../lib/gcc/arm-none-eabi/4.8.3/../../../../arm-none-eabi/lib/armv6-m/libc_s.a(lib_a-strlen.o)
                0x00003c9c                strlen
 .text.strncmp  0x00003caa       0x2c /home/nika/Software/SimplicityStudio4/SimplicityStudio_v4/developer/toolchains/gnu_arm/4.8_2013q4/bin/../lib/gcc/arm-none-eabi/4.8.3/../../../../arm-none-eabi/lib/armv6-m/libc_s.a(lib_a-strncmp.o)
                0x00003caa                strncmp
 .text.__sfputc_r
                0x00003cd6       0x2a /home/nika/Software/SimplicityStudio4/SimplicityStudio_v4/developer/toolchains/gnu_arm/4.8_2013q4/bin/../lib/gcc/arm-none-eabi/4.8.3/../../../../arm-none-eabi/lib/armv6-m/libc_s.a(lib_a-vfprintf.o)
 .text.__sfputs_r
                0x00003d00       0x24 /home/nika/Software/SimplicityStudio4/SimplicityStudio_v4/developer/toolchains/gnu_arm/4.8_2013q4/bin/../lib/gcc/arm-none-eabi/4.8.3/../../../../arm-none-eabi/lib/armv6-m/libc_s.a(lib_a-vfprintf.o)
                0x00003d00                __sfputs_r
 .text._vfprintf_r
                0x00003d24      0x210 /home/nika/Software/SimplicityStudio4/SimplicityStudio_v4/developer/toolchains/gnu_arm/4.8_2013q4/bin/../lib/gcc/arm-none-eabi/4.8.3/../../../../arm-none-eabi/lib/armv6-m/libc_s.a(lib_a-vfprintf.o)
                0x00003d24                _vfiprintf_r
                0x00003d24                _vfprintf_r
 .text._printf_common
                0x00003f34       0xe8 /home/nika/Software/SimplicityStudio4/SimplicityStudio_v4/developer/toolchains/gnu_arm/4.8_2013q4/bin/../lib/gcc/arm-none-eabi/4.8.3/../../../../arm-none-eabi/lib/armv6-m/libc_s.a(lib_a-vfprintf_i.o)
                0x00003f34                _printf_common
 .text._printf_i
                0x0000401c      0x22c /home/nika/Software/SimplicityStudio4/SimplicityStudio_v4/developer/toolchains/gnu_arm/4.8_2013q4/bin/../lib/gcc/arm-none-eabi/4.8.3/../../../../arm-none-eabi/lib/armv6-m/libc_s.a(lib_a-vfprintf_i.o)
                0x0000401c                _printf_i
 .text.__swbuf_r
                0x00004248       0xb0 /home/nika/Software/SimplicityStudio4/SimplicityStudio_v4/developer/toolchains/gnu_arm/4.8_2013q4/bin/../lib/gcc/arm-none-eabi/4.8.3/../../../../arm-none-eabi/lib/armv6-m/libc_s.a(lib_a-wbuf.o)
                0x00004248                __swbuf_r
 .text._write_r
                0x000042f8       0x28 /home/nika/Software/SimplicityStudio4/SimplicityStudio_v4/developer/toolchains/gnu_arm/4.8_2013q4/bin/../lib/gcc/arm-none-eabi/4.8.3/../../../../arm-none-eabi/lib/armv6-m/libc_s.a(lib_a-writer.o)
                0x000042f8                _write_r
 .text.__swsetup_r
                0x00004320       0xe4 /home/nika/Software/SimplicityStudio4/SimplicityStudio_v4/developer/toolchains/gnu_arm/4.8_2013q4/bin/../lib/gcc/arm-none-eabi/4.8.3/../../../../arm-none-eabi/lib/armv6-m/libc_s.a(lib_a-wsetup.o)
                0x00004320                __swsetup_r
 .text._close_r
                0x00004404       0x24 /home/nika/Software/SimplicityStudio4/SimplicityStudio_v4/developer/toolchains/gnu_arm/4.8_2013q4/bin/../lib/gcc/arm-none-eabi/4.8.3/../../../../arm-none-eabi/lib/armv6-m/libc_s.a(lib_a-closer.o)
                0x00004404                _close_r
 .text.__sflush_r
                0x00004428      0x112 /home/nika/Software/SimplicityStudio4/SimplicityStudio_v4/developer/toolchains/gnu_arm/4.8_2013q4/bin/../lib/gcc/arm-none-eabi/4.8.3/../../../../arm-none-eabi/lib/armv6-m/libc_s.a(lib_a-fflush.o)
                0x00004428                __sflush_r
 *fill*         0x0000453a        0x2 
 .text._fflush_r
                0x0000453c       0x58 /home/nika/Software/SimplicityStudio4/SimplicityStudio_v4/developer/toolchains/gnu_arm/4.8_2013q4/bin/../lib/gcc/arm-none-eabi/4.8.3/../../../../arm-none-eabi/lib/armv6-m/libc_s.a(lib_a-fflush.o)
                0x0000453c                _fflush_r
 .text._lseek_r
                0x00004594       0x28 /home/nika/Software/SimplicityStudio4/SimplicityStudio_v4/developer/toolchains/gnu_arm/4.8_2013q4/bin/../lib/gcc/arm-none-eabi/4.8.3/../../../../arm-none-eabi/lib/armv6-m/libc_s.a(lib_a-lseekr.o)
                0x00004594                _lseek_r
 .text.__smakebuf_r
                0x000045bc       0xa0 /home/nika/Software/SimplicityStudio4/SimplicityStudio_v4/developer/toolchains/gnu_arm/4.8_2013q4/bin/../lib/gcc/arm-none-eabi/4.8.3/../../../../arm-none-eabi/lib/armv6-m/libc_s.a(lib_a-makebuf.o)
                0x000045bc                __smakebuf_r
 .text.malloc   0x0000465c       0x14 /home/nika/Software/SimplicityStudio4/SimplicityStudio_v4/developer/toolchains/gnu_arm/4.8_2013q4/bin/../lib/gcc/arm-none-eabi/4.8.3/../../../../arm-none-eabi/lib/armv6-m/libc_s.a(lib_a-malloc.o)
                0x0000465c                malloc
 .text.memchr   0x00004670       0x16 /home/nika/Software/SimplicityStudio4/SimplicityStudio_v4/developer/toolchains/gnu_arm/4.8_2013q4/bin/../lib/gcc/arm-none-eabi/4.8.3/../../../../arm-none-eabi/lib/armv6-m/libc_s.a(lib_a-memchr-stub.o)
                0x00004670                memchr
 *fill*         0x00004686        0x2 
 .text._free_r  0x00004688       0x90 /home/nika/Software/SimplicityStudio4/SimplicityStudio_v4/developer/toolchains/gnu_arm/4.8_2013q4/bin/../lib/gcc/arm-none-eabi/4.8.3/../../../../arm-none-eabi/lib/armv6-m/libc_s.a(lib_a-nano-freer.o)
                0x00004688                _free_r
 .text._read_r  0x00004718       0x28 /home/nika/Software/SimplicityStudio4/SimplicityStudio_v4/developer/toolchains/gnu_arm/4.8_2013q4/bin/../lib/gcc/arm-none-eabi/4.8.3/../../../../arm-none-eabi/lib/armv6-m/libc_s.a(lib_a-readr.o)
                0x00004718                _read_r
 .text._fstat_r
                0x00004740       0x24 /home/nika/Software/SimplicityStudio4/SimplicityStudio_v4/developer/toolchains/gnu_arm/4.8_2013q4/bin/../lib/gcc/arm-none-eabi/4.8.3/../../../../arm-none-eabi/lib/armv6-m/libc_s.a(lib_a-fstatr.o)
                0x00004740                _fstat_r
 .text._isatty_r
                0x00004764       0x24 /home/nika/Software/SimplicityStudio4/SimplicityStudio_v4/developer/toolchains/gnu_arm/4.8_2013q4/bin/../lib/gcc/arm-none-eabi/4.8.3/../../../../arm-none-eabi/lib/armv6-m/libc_s.a(lib_a-isattyr.o)
                0x00004764                _isatty_r
 *(.init)
 .init          0x00004788        0x4 /home/nika/Software/SimplicityStudio4/SimplicityStudio_v4/developer/toolchains/gnu_arm/4.8_2013q4/bin/../lib/gcc/arm-none-eabi/4.8.3/armv6-m/crti.o
                0x00004788                _init
 .init          0x0000478c        0x8 /home/nika/Software/SimplicityStudio4/SimplicityStudio_v4/developer/toolchains/gnu_arm/4.8_2013q4/bin/../lib/gcc/arm-none-eabi/4.8.3/armv6-m/crtn.o
 *(.fini)
 .fini          0x00004794        0x4 /home/nika/Software/SimplicityStudio4/SimplicityStudio_v4/developer/toolchains/gnu_arm/4.8_2013q4/bin/../lib/gcc/arm-none-eabi/4.8.3/armv6-m/crti.o
                0x00004794                _fini
 .fini          0x00004798        0x8 /home/nika/Software/SimplicityStudio4/SimplicityStudio_v4/developer/toolchains/gnu_arm/4.8_2013q4/bin/../lib/gcc/arm-none-eabi/4.8.3/armv6-m/crtn.o
 *crtbegin.o(.ctors)
 *crtbegin?.o(.ctors)
 *(EXCLUDE_FILE(*crtend.o *crtend?.o) .ctors)
 *(SORT(.ctors.*))
 *(.ctors)
 *crtbegin.o(.dtors)
 *crtbegin?.o(.dtors)
 *(EXCLUDE_FILE(*crtend.o *crtend?.o) .dtors)
 *(SORT(.dtors.*))
 *(.dtors)
 *(.rodata*)
 .rodata        0x000047a0       0x10 ./BSP/bsp_bcc.o
 .rodata        0x000047b0       0x6c ./BSP/bsp_stk_leds.o
 .rodata.ledArray
                0x0000481c       0x10 ./BSP/bsp_stk_leds.o
 .rodata        0x0000482c       0x18 ./Drivers/displayls013b7dh03.o
 .rodata        0x00004844       0x88 ./Drivers/displaypalemlib.o
 .rodata.heaperr.8154
                0x000048cc       0x1c ./Drivers/retargetio.o
 .rodata.chars_6x8_bits
                0x000048e8      0x320 ./Drivers/textdisplay.o
 .rodata.TextdisplayEscapeSequence
                0x00004c08       0x18 ./Drivers/textdisplay.o
 .rodata.escapeSequences.4899
                0x00004c20       0x18 ./Drivers/textdisplay.o
 .rodata        0x00004c38        0x4 ./Drivers/udelay.o
 .rodata        0x00004c3c       0x80 ./emlib/em_cmu.o
 .rodata.CMU_ClockEnable
                0x00004cbc       0x2c ./emlib/em_cmu.o
 .rodata.CMU_ClockSelectSet
                0x00004ce8       0x50 ./emlib/em_cmu.o
 .rodata.CMU_OscillatorEnable
                0x00004d38       0x14 ./emlib/em_cmu.o
 .rodata        0x00004d4c       0x80 ./emlib/em_gpio.o
 .rodata        0x00004dcc       0x18 ./emlib/em_leuart.o
 .rodata        0x00004de4       0x14 ./emlib/em_prs.o
 .rodata        0x00004df8       0x14 ./emlib/em_rtc.o
 .rodata        0x00004e0c       0x14 ./emlib/em_usart.o
 .rodata        0x00004e20       0x1c ./src/main.o
 .rodata._ctype_
                0x00004e3c      0x101 /home/nika/Software/SimplicityStudio4/SimplicityStudio_v4/developer/toolchains/gnu_arm/4.8_2013q4/bin/../lib/gcc/arm-none-eabi/4.8.3/../../../../arm-none-eabi/lib/armv6-m/libc_s.a(lib_a-ctype_.o)
                0x00004e3c                _ctype_
 *fill*         0x00004f3d        0x3 
 .rodata.__sf_fake_stdin
                0x00004f40       0x20 /home/nika/Software/SimplicityStudio4/SimplicityStudio_v4/developer/toolchains/gnu_arm/4.8_2013q4/bin/../lib/gcc/arm-none-eabi/4.8.3/../../../../arm-none-eabi/lib/armv6-m/libc_s.a(lib_a-findfp.o)
                0x00004f40                __sf_fake_stdin
 .rodata.__sf_fake_stdout
                0x00004f60       0x20 /home/nika/Software/SimplicityStudio4/SimplicityStudio_v4/developer/toolchains/gnu_arm/4.8_2013q4/bin/../lib/gcc/arm-none-eabi/4.8.3/../../../../arm-none-eabi/lib/armv6-m/libc_s.a(lib_a-findfp.o)
                0x00004f60                __sf_fake_stdout
 .rodata.__sf_fake_stderr
                0x00004f80       0x20 /home/nika/Software/SimplicityStudio4/SimplicityStudio_v4/developer/toolchains/gnu_arm/4.8_2013q4/bin/../lib/gcc/arm-none-eabi/4.8.3/../../../../arm-none-eabi/lib/armv6-m/libc_s.a(lib_a-findfp.o)
                0x00004f80                __sf_fake_stderr
 .rodata.str1.1
                0x00004fa0        0x2 /home/nika/Software/SimplicityStudio4/SimplicityStudio_v4/developer/toolchains/gnu_arm/4.8_2013q4/bin/../lib/gcc/arm-none-eabi/4.8.3/../../../../arm-none-eabi/lib/armv6-m/libc_s.a(lib_a-impure.o)
 *fill*         0x00004fa2        0x2 
 .rodata._global_impure_ptr
                0x00004fa4        0x4 /home/nika/Software/SimplicityStudio4/SimplicityStudio_v4/developer/toolchains/gnu_arm/4.8_2013q4/bin/../lib/gcc/arm-none-eabi/4.8.3/../../../../arm-none-eabi/lib/armv6-m/libc_s.a(lib_a-impure.o)
                0x00004fa4                _global_impure_ptr
 .rodata.str1.1
                0x00004fa8       0x11 /home/nika/Software/SimplicityStudio4/SimplicityStudio_v4/developer/toolchains/gnu_arm/4.8_2013q4/bin/../lib/gcc/arm-none-eabi/4.8.3/../../../../arm-none-eabi/lib/armv6-m/libc_s.a(lib_a-vfprintf.o)
 .rodata.str1.1
                0x00004fb9       0x22 /home/nika/Software/SimplicityStudio4/SimplicityStudio_v4/developer/toolchains/gnu_arm/4.8_2013q4/bin/../lib/gcc/arm-none-eabi/4.8.3/../../../../arm-none-eabi/lib/armv6-m/libc_s.a(lib_a-vfprintf_i.o)
 *(.eh_frame*)
 *fill*         0x00004fdb        0x1 
 .eh_frame      0x00004fdc        0x0 /home/nika/Software/SimplicityStudio4/SimplicityStudio_v4/developer/toolchains/gnu_arm/4.8_2013q4/bin/../lib/gcc/arm-none-eabi/4.8.3/armv6-m/crtbegin.o
 .eh_frame      0x00004fdc        0x4 /home/nika/Software/SimplicityStudio4/SimplicityStudio_v4/developer/toolchains/gnu_arm/4.8_2013q4/bin/../lib/gcc/arm-none-eabi/4.8.3/armv6-m/crtend.o

.glue_7         0x00004fe0        0x0
 .glue_7        0x00000000        0x0 linker stubs

.glue_7t        0x00004fe0        0x0
 .glue_7t       0x00000000        0x0 linker stubs

.vfp11_veneer   0x00004fe0        0x0
 .vfp11_veneer  0x00000000        0x0 linker stubs

.v4_bx          0x00004fe0        0x0
 .v4_bx         0x00000000        0x0 linker stubs

.iplt           0x00004fe0        0x0
 .iplt          0x00000000        0x0 /home/nika/Software/SimplicityStudio4/SimplicityStudio_v4/developer/toolchains/gnu_arm/4.8_2013q4/bin/../lib/gcc/arm-none-eabi/4.8.3/armv6-m/crtbegin.o

.ARM.extab
 *(.ARM.extab* .gnu.linkonce.armextab.*)
                0x00004fe0                __exidx_start = .

.ARM.exidx      0x00004fe0        0x8
 *(.ARM.exidx* .gnu.linkonce.armexidx.*)
 .ARM.exidx     0x00004fe0        0x8 /home/nika/Software/SimplicityStudio4/SimplicityStudio_v4/developer/toolchains/gnu_arm/4.8_2013q4/bin/../lib/gcc/arm-none-eabi/4.8.3/../../../../arm-none-eabi/lib/armv6-m/crt0.o
                0x00004fe8                __exidx_end = .
                0x00004fe8                __etext = .

.rel.dyn        0x00004fe8        0x0
 .rel.iplt      0x00000000        0x0 /home/nika/Software/SimplicityStudio4/SimplicityStudio_v4/developer/toolchains/gnu_arm/4.8_2013q4/bin/../lib/gcc/arm-none-eabi/4.8.3/armv6-m/crtbegin.o

.data           0x20000000       0x9c load address 0x00004fe8
                0x20000000                __data_start__ = .
 *(vtable)
 *(.data*)
 .data.SystemHFXOClock
                0x20000000        0x4 ./CMSIS/EFM32ZG/system_efm32zg.o
 .data.SystemLFXOClock
                0x20000004        0x4 ./CMSIS/EFM32ZG/system_efm32zg.o
 .data.pDisplayDeviceDriverInitFunctions
                0x20000008        0x8 ./Drivers/display.o
 .data.pixelMatrixPool
                0x20000010        0x4 ./Drivers/displayls013b7dh03.o
 .data.charBufferTbl
                0x20000014       0x10 ./Drivers/textdisplay.o
 .data.loops_per_jiffy
                0x20000024        0x4 ./Drivers/udelay.o
                0x20000024                loops_per_jiffy
 .data.__ctype_ptr__
                0x20000028        0x4 /home/nika/Software/SimplicityStudio4/SimplicityStudio_v4/developer/toolchains/gnu_arm/4.8_2013q4/bin/../lib/gcc/arm-none-eabi/4.8.3/../../../../arm-none-eabi/lib/armv6-m/libc_s.a(lib_a-ctype_.o)
                0x20000028                __ctype_ptr__
 .data.impure_data
                0x2000002c       0x60 /home/nika/Software/SimplicityStudio4/SimplicityStudio_v4/developer/toolchains/gnu_arm/4.8_2013q4/bin/../lib/gcc/arm-none-eabi/4.8.3/../../../../arm-none-eabi/lib/armv6-m/libc_s.a(lib_a-impure.o)
 .data._impure_ptr
                0x2000008c        0x4 /home/nika/Software/SimplicityStudio4/SimplicityStudio_v4/developer/toolchains/gnu_arm/4.8_2013q4/bin/../lib/gcc/arm-none-eabi/4.8.3/../../../../arm-none-eabi/lib/armv6-m/libc_s.a(lib_a-impure.o)
                0x2000008c                _impure_ptr
                0x20000090                . = ALIGN (0x4)
 *(.ram)
                0x20000090                . = ALIGN (0x4)
                0x20000090                PROVIDE (__preinit_array_start, .)
 *(.preinit_array)
                0x20000090                PROVIDE (__preinit_array_end, .)
                0x20000090                . = ALIGN (0x4)
                0x20000090                PROVIDE (__init_array_start, .)
 *(SORT(.init_array.*))
 *(.init_array)
 .init_array    0x20000090        0x4 /home/nika/Software/SimplicityStudio4/SimplicityStudio_v4/developer/toolchains/gnu_arm/4.8_2013q4/bin/../lib/gcc/arm-none-eabi/4.8.3/armv6-m/crtbegin.o
                0x20000094                PROVIDE (__init_array_end, .)
                0x20000094                . = ALIGN (0x4)
                0x20000094                PROVIDE (__fini_array_start, .)
 *(SORT(.fini_array.*))
 *(.fini_array)
 .fini_array    0x20000094        0x4 /home/nika/Software/SimplicityStudio4/SimplicityStudio_v4/developer/toolchains/gnu_arm/4.8_2013q4/bin/../lib/gcc/arm-none-eabi/4.8.3/armv6-m/crtbegin.o
                0x20000098                PROVIDE (__fini_array_end, .)
 *(.jcr*)
 .jcr           0x20000098        0x0 /home/nika/Software/SimplicityStudio4/SimplicityStudio_v4/developer/toolchains/gnu_arm/4.8_2013q4/bin/../lib/gcc/arm-none-eabi/4.8.3/armv6-m/crtbegin.o
 .jcr           0x20000098        0x4 /home/nika/Software/SimplicityStudio4/SimplicityStudio_v4/developer/toolchains/gnu_arm/4.8_2013q4/bin/../lib/gcc/arm-none-eabi/4.8.3/armv6-m/crtend.o
                0x2000009c                . = ALIGN (0x4)
                0x2000009c                __data_end__ = .

.igot.plt       0x2000009c        0x0 load address 0x00005084
 .igot.plt      0x00000000        0x0 /home/nika/Software/SimplicityStudio4/SimplicityStudio_v4/developer/toolchains/gnu_arm/4.8_2013q4/bin/../lib/gcc/arm-none-eabi/4.8.3/armv6-m/crtbegin.o

.bss            0x2000009c      0x2ec load address 0x00005084
                0x2000009c                . = ALIGN (0x4)
                0x2000009c                __bss_start__ = .
 *(.bss*)
 .bss           0x2000009c       0x1c /home/nika/Software/SimplicityStudio4/SimplicityStudio_v4/developer/toolchains/gnu_arm/4.8_2013q4/bin/../lib/gcc/arm-none-eabi/4.8.3/armv6-m/crtbegin.o
 .bss.rxByteCount
                0x200000b8        0x4 ./BSP/bsp_bcc.o
 .bss.txByteCount
                0x200000bc        0x4 ./BSP/bsp_bcc.o
 .bss.deviceTable
                0x200000c0       0x2c ./Drivers/display.o
 .bss.moduleInitialized
                0x200000ec        0x1 ./Drivers/display.o
 *fill*         0x200000ed        0x3 
 .bss.devicesRegistered
                0x200000f0        0x4 ./Drivers/display.o
 .bss.lcdPolarity
                0x200000f4        0x1 ./Drivers/displayls013b7dh03.o
 *fill*         0x200000f5        0x3 
 .bss.pixelMatrixPoolBase
                0x200000f8       0x80 ./Drivers/displayls013b7dh03.o
 .bss.heap_end.8152
                0x20000178        0x4 ./Drivers/retargetio.o
 .bss.textDisplayHandle
                0x2000017c        0x4 ./Drivers/retargettextdisplay.o
                0x2000017c                textDisplayHandle
 .bss.textdisplayTbl
                0x20000180       0x58 ./Drivers/textdisplay.o
 .bss.escapeSequence.4898
                0x200001d8        0x4 ./Drivers/textdisplay.o
 .bss.cmuStatus
                0x200001dc        0x4 ./emlib/em_emu.o
 .bss.INT_LockCnt
                0x200001e0        0x4 ./emlib/em_int.o
                0x200001e0                INT_LockCnt
 .bss.__malloc_sbrk_start
                0x200001e4        0x4 /home/nika/Software/SimplicityStudio4/SimplicityStudio_v4/developer/toolchains/gnu_arm/4.8_2013q4/bin/../lib/gcc/arm-none-eabi/4.8.3/../../../../arm-none-eabi/lib/armv6-m/libc_s.a(lib_a-nano-mallocr.o)
                0x200001e4                __malloc_sbrk_start
 .bss.__malloc_free_list
                0x200001e8        0x4 /home/nika/Software/SimplicityStudio4/SimplicityStudio_v4/developer/toolchains/gnu_arm/4.8_2013q4/bin/../lib/gcc/arm-none-eabi/4.8.3/../../../../arm-none-eabi/lib/armv6-m/libc_s.a(lib_a-nano-mallocr.o)
                0x200001e8                __malloc_free_list
 *(COMMON)
 COMMON         0x200001ec        0x4 ./CMSIS/EFM32ZG/system_efm32zg.o
                0x200001ec                SystemCoreClock
 COMMON         0x200001f0      0x190 ./Drivers/textdisplay.o
                0x200001f0                charBufferDevice0
                0x20000340                charArrayDevice0
 COMMON         0x20000380        0x4 ./src/main.o
                0x20000380                msTicks
 COMMON         0x20000384        0x4 /home/nika/Software/SimplicityStudio4/SimplicityStudio_v4/developer/toolchains/gnu_arm/4.8_2013q4/bin/../lib/gcc/arm-none-eabi/4.8.3/../../../../arm-none-eabi/lib/armv6-m/libc_s.a(lib_a-reent.o)
                0x20000384                errno
                0x20000388                . = ALIGN (0x4)
                0x20000388                __bss_end__ = .

.heap           0x20000388        0x0
                0x20000388                __HeapBase = .
                0x20000388                __end__ = .
                0x20000388                end = __end__
                0x20000388                _end = __end__
 *(.heap*)
 .heap          0x20000388        0x0 ./CMSIS/EFM32ZG/startup_gcc_efm32zg.o
                0x20000388                __HeapLimit = .

.stack_dummy    0x20000388      0x400
 *(.stack*)
 .stack         0x20000388      0x400 ./CMSIS/EFM32ZG/startup_gcc_efm32zg.o
                0x20001000                __StackTop = (ORIGIN (RAM) + 0x1000)
                0x20000c00                __StackLimit = (__StackTop - SIZEOF (.stack_dummy))
                0x20001000                PROVIDE (__stack, __StackTop)
                0x00000001                ASSERT ((__StackLimit >= __HeapLimit), region RAM overflowed with stack)
                0x00000001                ASSERT ((0x8000 >= (__etext + SIZEOF (.data))), FLASH memory overflowed !)
OUTPUT(STK3200_textdisplay.axf elf32-littlearm)

.ARM.attributes
                0x00000000       0x28
 .ARM.attributes
                0x00000000       0x1e /home/nika/Software/SimplicityStudio4/SimplicityStudio_v4/developer/toolchains/gnu_arm/4.8_2013q4/bin/../lib/gcc/arm-none-eabi/4.8.3/armv6-m/crti.o
 .ARM.attributes
                0x0000001e       0x2c /home/nika/Software/SimplicityStudio4/SimplicityStudio_v4/developer/toolchains/gnu_arm/4.8_2013q4/bin/../lib/gcc/arm-none-eabi/4.8.3/armv6-m/crtbegin.o
 .ARM.attributes
                0x0000004a       0x1b /home/nika/Software/SimplicityStudio4/SimplicityStudio_v4/developer/toolchains/gnu_arm/4.8_2013q4/bin/../lib/gcc/arm-none-eabi/4.8.3/../../../../arm-none-eabi/lib/armv6-m/crt0.o
 .ARM.attributes
                0x00000065       0x32 ./BSP/bsp_bcc.o
 .ARM.attributes
                0x00000097       0x32 ./BSP/bsp_stk.o
 .ARM.attributes
                0x000000c9       0x32 ./BSP/bsp_stk_leds.o
 .ARM.attributes
                0x000000fb       0x1b ./CMSIS/EFM32ZG/startup_gcc_efm32zg.o
 .ARM.attributes
                0x00000116       0x32 ./CMSIS/EFM32ZG/system_efm32zg.o
 .ARM.attributes
                0x00000148       0x32 ./Drivers/display.o
 .ARM.attributes
                0x0000017a       0x32 ./Drivers/displayls013b7dh03.o
 .ARM.attributes
                0x000001ac       0x32 ./Drivers/displaypalemlib.o
 .ARM.attributes
                0x000001de       0x32 ./Drivers/retargetio.o
 .ARM.attributes
                0x00000210       0x32 ./Drivers/retargettextdisplay.o
 .ARM.attributes
                0x00000242       0x32 ./Drivers/textdisplay.o
 .ARM.attributes
                0x00000274       0x2b ./Drivers/udelay.o
 .ARM.attributes
                0x0000029f       0x32 ./emlib/em_assert.o
 .ARM.attributes
                0x000002d1       0x32 ./emlib/em_cmu.o
 .ARM.attributes
                0x00000303       0x32 ./emlib/em_emu.o
 .ARM.attributes
                0x00000335       0x32 ./emlib/em_gpio.o
 .ARM.attributes
                0x00000367       0x32 ./emlib/em_int.o
 .ARM.attributes
                0x00000399       0x32 ./emlib/em_leuart.o
 .ARM.attributes
                0x000003cb       0x32 ./emlib/em_prs.o
 .ARM.attributes
                0x000003fd       0x32 ./emlib/em_rtc.o
 .ARM.attributes
                0x0000042f       0x32 ./emlib/em_usart.o
 .ARM.attributes
                0x00000461       0x32 ./src/main.o
 .ARM.attributes
                0x00000493       0x1e /home/nika/Software/SimplicityStudio4/SimplicityStudio_v4/developer/toolchains/gnu_arm/4.8_2013q4/bin/../lib/gcc/arm-none-eabi/4.8.3/armv6-m/libgcc.a(_udivsi3.o)
 .ARM.attributes
                0x000004b1       0x1e /home/nika/Software/SimplicityStudio4/SimplicityStudio_v4/developer/toolchains/gnu_arm/4.8_2013q4/bin/../lib/gcc/arm-none-eabi/4.8.3/armv6-m/libgcc.a(_dvmd_tls.o)
 .ARM.attributes
                0x000004cf       0x1e /home/nika/Software/SimplicityStudio4/SimplicityStudio_v4/developer/toolchains/gnu_arm/4.8_2013q4/bin/../lib/gcc/arm-none-eabi/4.8.3/armv6-m/libgcc.a(_clzsi2.o)
 .ARM.attributes
                0x000004ed       0x2c /home/nika/Software/SimplicityStudio4/SimplicityStudio_v4/developer/toolchains/gnu_arm/4.8_2013q4/bin/../lib/gcc/arm-none-eabi/4.8.3/../../../../arm-none-eabi/lib/armv6-m/libc_s.a(lib_a-ctype_.o)
 .ARM.attributes
                0x00000519       0x2c /home/nika/Software/SimplicityStudio4/SimplicityStudio_v4/developer/toolchains/gnu_arm/4.8_2013q4/bin/../lib/gcc/arm-none-eabi/4.8.3/../../../../arm-none-eabi/lib/armv6-m/libc_s.a(lib_a-exit.o)
 .ARM.attributes
                0x00000545       0x2c /home/nika/Software/SimplicityStudio4/SimplicityStudio_v4/developer/toolchains/gnu_arm/4.8_2013q4/bin/../lib/gcc/arm-none-eabi/4.8.3/../../../../arm-none-eabi/lib/armv6-m/libc_s.a(lib_a-fileno.o)
 .ARM.attributes
                0x00000571       0x2c /home/nika/Software/SimplicityStudio4/SimplicityStudio_v4/developer/toolchains/gnu_arm/4.8_2013q4/bin/../lib/gcc/arm-none-eabi/4.8.3/../../../../arm-none-eabi/lib/armv6-m/libc_s.a(lib_a-findfp.o)
 .ARM.attributes
                0x0000059d       0x2c /home/nika/Software/SimplicityStudio4/SimplicityStudio_v4/developer/toolchains/gnu_arm/4.8_2013q4/bin/../lib/gcc/arm-none-eabi/4.8.3/../../../../arm-none-eabi/lib/armv6-m/libc_s.a(lib_a-impure.o)
 .ARM.attributes
                0x000005c9       0x2c /home/nika/Software/SimplicityStudio4/SimplicityStudio_v4/developer/toolchains/gnu_arm/4.8_2013q4/bin/../lib/gcc/arm-none-eabi/4.8.3/../../../../arm-none-eabi/lib/armv6-m/libc_s.a(lib_a-init.o)
 .ARM.attributes
                0x000005f5       0x2c /home/nika/Software/SimplicityStudio4/SimplicityStudio_v4/developer/toolchains/gnu_arm/4.8_2013q4/bin/../lib/gcc/arm-none-eabi/4.8.3/../../../../arm-none-eabi/lib/armv6-m/libc_s.a(lib_a-memcpy-stub.o)
 .ARM.attributes
                0x00000621       0x2c /home/nika/Software/SimplicityStudio4/SimplicityStudio_v4/developer/toolchains/gnu_arm/4.8_2013q4/bin/../lib/gcc/arm-none-eabi/4.8.3/../../../../arm-none-eabi/lib/armv6-m/libc_s.a(lib_a-memset.o)
 .ARM.attributes
                0x0000064d       0x2c /home/nika/Software/SimplicityStudio4/SimplicityStudio_v4/developer/toolchains/gnu_arm/4.8_2013q4/bin/../lib/gcc/arm-none-eabi/4.8.3/../../../../arm-none-eabi/lib/armv6-m/libc_s.a(lib_a-nano-mallocr.o)
 .ARM.attributes
                0x00000679       0x2c /home/nika/Software/SimplicityStudio4/SimplicityStudio_v4/developer/toolchains/gnu_arm/4.8_2013q4/bin/../lib/gcc/arm-none-eabi/4.8.3/../../../../arm-none-eabi/lib/armv6-m/libc_s.a(lib_a-printf.o)
 .ARM.attributes
                0x000006a5       0x2c /home/nika/Software/SimplicityStudio4/SimplicityStudio_v4/developer/toolchains/gnu_arm/4.8_2013q4/bin/../lib/gcc/arm-none-eabi/4.8.3/../../../../arm-none-eabi/lib/armv6-m/libc_s.a(lib_a-sbrkr.o)
 .ARM.attributes
                0x000006d1       0x2c /home/nika/Software/SimplicityStudio4/SimplicityStudio_v4/developer/toolchains/gnu_arm/4.8_2013q4/bin/../lib/gcc/arm-none-eabi/4.8.3/../../../../arm-none-eabi/lib/armv6-m/libc_s.a(lib_a-setvbuf.o)
 .ARM.attributes
                0x000006fd       0x2c /home/nika/Software/SimplicityStudio4/SimplicityStudio_v4/developer/toolchains/gnu_arm/4.8_2013q4/bin/../lib/gcc/arm-none-eabi/4.8.3/../../../../arm-none-eabi/lib/armv6-m/libc_s.a(lib_a-stdio.o)
 .ARM.attributes
                0x00000729       0x2c /home/nika/Software/SimplicityStudio4/SimplicityStudio_v4/developer/toolchains/gnu_arm/4.8_2013q4/bin/../lib/gcc/arm-none-eabi/4.8.3/../../../../arm-none-eabi/lib/armv6-m/libc_s.a(lib_a-strlen.o)
 .ARM.attributes
                0x00000755       0x2c /home/nika/Software/SimplicityStudio4/SimplicityStudio_v4/developer/toolchains/gnu_arm/4.8_2013q4/bin/../lib/gcc/arm-none-eabi/4.8.3/../../../../arm-none-eabi/lib/armv6-m/libc_s.a(lib_a-strncmp.o)
 .ARM.attributes
                0x00000781       0x2c /home/nika/Software/SimplicityStudio4/SimplicityStudio_v4/developer/toolchains/gnu_arm/4.8_2013q4/bin/../lib/gcc/arm-none-eabi/4.8.3/../../../../arm-none-eabi/lib/armv6-m/libc_s.a(lib_a-vfprintf.o)
 .ARM.attributes
                0x000007ad       0x2c /home/nika/Software/SimplicityStudio4/SimplicityStudio_v4/developer/toolchains/gnu_arm/4.8_2013q4/bin/../lib/gcc/arm-none-eabi/4.8.3/../../../../arm-none-eabi/lib/armv6-m/libc_s.a(lib_a-vfprintf_i.o)
 .ARM.attributes
                0x000007d9       0x2c /home/nika/Software/SimplicityStudio4/SimplicityStudio_v4/developer/toolchains/gnu_arm/4.8_2013q4/bin/../lib/gcc/arm-none-eabi/4.8.3/../../../../arm-none-eabi/lib/armv6-m/libc_s.a(lib_a-wbuf.o)
 .ARM.attributes
                0x00000805       0x2c /home/nika/Software/SimplicityStudio4/SimplicityStudio_v4/developer/toolchains/gnu_arm/4.8_2013q4/bin/../lib/gcc/arm-none-eabi/4.8.3/../../../../arm-none-eabi/lib/armv6-m/libc_s.a(lib_a-writer.o)
 .ARM.attributes
                0x00000831       0x2c /home/nika/Software/SimplicityStudio4/SimplicityStudio_v4/developer/toolchains/gnu_arm/4.8_2013q4/bin/../lib/gcc/arm-none-eabi/4.8.3/../../../../arm-none-eabi/lib/armv6-m/libc_s.a(lib_a-wsetup.o)
 .ARM.attributes
                0x0000085d       0x2c /home/nika/Software/SimplicityStudio4/SimplicityStudio_v4/developer/toolchains/gnu_arm/4.8_2013q4/bin/../lib/gcc/arm-none-eabi/4.8.3/../../../../arm-none-eabi/lib/armv6-m/libc_s.a(lib_a-closer.o)
 .ARM.attributes
                0x00000889       0x2c /home/nika/Software/SimplicityStudio4/SimplicityStudio_v4/developer/toolchains/gnu_arm/4.8_2013q4/bin/../lib/gcc/arm-none-eabi/4.8.3/../../../../arm-none-eabi/lib/armv6-m/libc_s.a(lib_a-fflush.o)
 .ARM.attributes
                0x000008b5       0x2c /home/nika/Software/SimplicityStudio4/SimplicityStudio_v4/developer/toolchains/gnu_arm/4.8_2013q4/bin/../lib/gcc/arm-none-eabi/4.8.3/../../../../arm-none-eabi/lib/armv6-m/libc_s.a(lib_a-lseekr.o)
 .ARM.attributes
                0x000008e1       0x2c /home/nika/Software/SimplicityStudio4/SimplicityStudio_v4/developer/toolchains/gnu_arm/4.8_2013q4/bin/../lib/gcc/arm-none-eabi/4.8.3/../../../../arm-none-eabi/lib/armv6-m/libc_s.a(lib_a-makebuf.o)
 .ARM.attributes
                0x0000090d       0x2c /home/nika/Software/SimplicityStudio4/SimplicityStudio_v4/developer/toolchains/gnu_arm/4.8_2013q4/bin/../lib/gcc/arm-none-eabi/4.8.3/../../../../arm-none-eabi/lib/armv6-m/libc_s.a(lib_a-malloc.o)
 .ARM.attributes
                0x00000939       0x2c /home/nika/Software/SimplicityStudio4/SimplicityStudio_v4/developer/toolchains/gnu_arm/4.8_2013q4/bin/../lib/gcc/arm-none-eabi/4.8.3/../../../../arm-none-eabi/lib/armv6-m/libc_s.a(lib_a-memchr-stub.o)
 .ARM.attributes
                0x00000965       0x2c /home/nika/Software/SimplicityStudio4/SimplicityStudio_v4/developer/toolchains/gnu_arm/4.8_2013q4/bin/../lib/gcc/arm-none-eabi/4.8.3/../../../../arm-none-eabi/lib/armv6-m/libc_s.a(lib_a-nano-freer.o)
 .ARM.attributes
                0x00000991       0x2c /home/nika/Software/SimplicityStudio4/SimplicityStudio_v4/developer/toolchains/gnu_arm/4.8_2013q4/bin/../lib/gcc/arm-none-eabi/4.8.3/../../../../arm-none-eabi/lib/armv6-m/libc_s.a(lib_a-readr.o)
 .ARM.attributes
                0x000009bd       0x2c /home/nika/Software/SimplicityStudio4/SimplicityStudio_v4/developer/toolchains/gnu_arm/4.8_2013q4/bin/../lib/gcc/arm-none-eabi/4.8.3/../../../../arm-none-eabi/lib/armv6-m/libc_s.a(lib_a-reent.o)
 .ARM.attributes
                0x000009e9       0x2c /home/nika/Software/SimplicityStudio4/SimplicityStudio_v4/developer/toolchains/gnu_arm/4.8_2013q4/bin/../lib/gcc/arm-none-eabi/4.8.3/../../../../arm-none-eabi/lib/armv6-m/libc_s.a(lib_a-fstatr.o)
 .ARM.attributes
                0x00000a15       0x2c /home/nika/Software/SimplicityStudio4/SimplicityStudio_v4/developer/toolchains/gnu_arm/4.8_2013q4/bin/../lib/gcc/arm-none-eabi/4.8.3/../../../../arm-none-eabi/lib/armv6-m/libc_s.a(lib_a-isattyr.o)
 .ARM.attributes
                0x00000a41       0x2c /home/nika/Software/SimplicityStudio4/SimplicityStudio_v4/developer/toolchains/gnu_arm/4.8_2013q4/bin/../lib/gcc/arm-none-eabi/4.8.3/armv6-m/crtend.o
 .ARM.attributes
                0x00000a6d       0x1e /home/nika/Software/SimplicityStudio4/SimplicityStudio_v4/developer/toolchains/gnu_arm/4.8_2013q4/bin/../lib/gcc/arm-none-eabi/4.8.3/armv6-m/crtn.o

.comment        0x00000000       0x70
 .comment       0x00000000       0x70 ./BSP/bsp_bcc.o
                                 0x71 (size before relaxing)
 .comment       0x00000000       0x71 ./BSP/bsp_stk.o
 .comment       0x00000000       0x71 ./BSP/bsp_stk_leds.o
 .comment       0x00000000       0x71 ./CMSIS/EFM32ZG/system_efm32zg.o
 .comment       0x00000000       0x71 ./Drivers/display.o
 .comment       0x00000000       0x71 ./Drivers/displayls013b7dh03.o
 .comment       0x00000000       0x71 ./Drivers/displaypalemlib.o
 .comment       0x00000000       0x71 ./Drivers/retargetio.o
 .comment       0x00000000       0x71 ./Drivers/retargettextdisplay.o
 .comment       0x00000000       0x71 ./Drivers/textdisplay.o
 .comment       0x00000000       0x71 ./Drivers/udelay.o
 .comment       0x00000000       0x71 ./emlib/em_assert.o
 .comment       0x00000000       0x71 ./emlib/em_cmu.o
 .comment       0x00000000       0x71 ./emlib/em_emu.o
 .comment       0x00000000       0x71 ./emlib/em_gpio.o
 .comment       0x00000000       0x71 ./emlib/em_int.o
 .comment       0x00000000       0x71 ./emlib/em_leuart.o
 .comment       0x00000000       0x71 ./emlib/em_prs.o
 .comment       0x00000000       0x71 ./emlib/em_rtc.o
 .comment       0x00000000       0x71 ./emlib/em_usart.o
 .comment       0x00000000       0x71 ./src/main.o

.debug_info     0x00000000     0x963e
 .debug_info    0x00000000      0x6ab ./BSP/bsp_bcc.o
 .debug_info    0x000006ab      0x20f ./BSP/bsp_stk.o
 .debug_info    0x000008ba      0x6e0 ./BSP/bsp_stk_leds.o
 .debug_info    0x00000f9a       0xa3 ./CMSIS/EFM32ZG/startup_gcc_efm32zg.o
 .debug_info    0x0000103d      0x42b ./CMSIS/EFM32ZG/system_efm32zg.o
 .debug_info    0x00001468      0x42c ./Drivers/display.o
 .debug_info    0x00001894      0x5ed ./Drivers/displayls013b7dh03.o
 .debug_info    0x00001e81      0xce0 ./Drivers/displaypalemlib.o
 .debug_info    0x00002b61      0xdc5 ./Drivers/retargetio.o
 .debug_info    0x00003926      0xc8f ./Drivers/retargettextdisplay.o
 .debug_info    0x000045b5      0x9a4 ./Drivers/textdisplay.o
 .debug_info    0x00004f59      0x8dd ./Drivers/udelay.o
 .debug_info    0x00005836       0x7a ./emlib/em_assert.o
 .debug_info    0x000058b0     0x109a ./emlib/em_cmu.o
 .debug_info    0x0000694a      0x5c7 ./emlib/em_emu.o
 .debug_info    0x00006f11      0x642 ./emlib/em_gpio.o
 .debug_info    0x00007553       0xa4 ./emlib/em_int.o
 .debug_info    0x000075f7      0x78a ./emlib/em_leuart.o
 .debug_info    0x00007d81      0x205 ./emlib/em_prs.o
 .debug_info    0x00007f86      0x32b ./emlib/em_rtc.o
 .debug_info    0x000082b1      0xdd2 ./emlib/em_usart.o
 .debug_info    0x00009083      0x5bb ./src/main.o

.debug_abbrev   0x00000000     0x2032
 .debug_abbrev  0x00000000      0x18c ./BSP/bsp_bcc.o
 .debug_abbrev  0x0000018c      0x107 ./BSP/bsp_stk.o
 .debug_abbrev  0x00000293      0x18c ./BSP/bsp_stk_leds.o
 .debug_abbrev  0x0000041f       0x14 ./CMSIS/EFM32ZG/startup_gcc_efm32zg.o
 .debug_abbrev  0x00000433      0x160 ./CMSIS/EFM32ZG/system_efm32zg.o
 .debug_abbrev  0x00000593       0xf5 ./Drivers/display.o
 .debug_abbrev  0x00000688      0x165 ./Drivers/displayls013b7dh03.o
 .debug_abbrev  0x000007ed      0x1c2 ./Drivers/displaypalemlib.o
 .debug_abbrev  0x000009af      0x253 ./Drivers/retargetio.o
 .debug_abbrev  0x00000c02      0x1d6 ./Drivers/retargettextdisplay.o
 .debug_abbrev  0x00000dd8      0x1d8 ./Drivers/textdisplay.o
 .debug_abbrev  0x00000fb0      0x209 ./Drivers/udelay.o
 .debug_abbrev  0x000011b9       0x65 ./emlib/em_assert.o
 .debug_abbrev  0x0000121e      0x2c0 ./emlib/em_cmu.o
 .debug_abbrev  0x000014de      0x1af ./emlib/em_emu.o
 .debug_abbrev  0x0000168d      0x1df ./emlib/em_gpio.o
 .debug_abbrev  0x0000186c       0x44 ./emlib/em_int.o
 .debug_abbrev  0x000018b0      0x1a6 ./emlib/em_leuart.o
 .debug_abbrev  0x00001a56       0xe3 ./emlib/em_prs.o
 .debug_abbrev  0x00001b39      0x16d ./emlib/em_rtc.o
 .debug_abbrev  0x00001ca6      0x1d9 ./emlib/em_usart.o
 .debug_abbrev  0x00001e7f      0x1b3 ./src/main.o

.debug_loc      0x00000000     0x2c86
 .debug_loc     0x00000000      0x17c ./BSP/bsp_bcc.o
 .debug_loc     0x0000017c      0x130 ./BSP/bsp_stk.o
 .debug_loc     0x000002ac      0x2a0 ./BSP/bsp_stk_leds.o
 .debug_loc     0x0000054c      0x1e8 ./CMSIS/EFM32ZG/system_efm32zg.o
 .debug_loc     0x00000734       0xe0 ./Drivers/display.o
 .debug_loc     0x00000814      0x1c0 ./Drivers/displayls013b7dh03.o
 .debug_loc     0x000009d4      0x3f0 ./Drivers/displaypalemlib.o
 .debug_loc     0x00000dc4      0x224 ./Drivers/retargetio.o
 .debug_loc     0x00000fe8       0xd6 ./Drivers/retargettextdisplay.o
 .debug_loc     0x000010be      0x26a ./Drivers/textdisplay.o
 .debug_loc     0x00001328      0x1d4 ./Drivers/udelay.o
 .debug_loc     0x000014fc       0x38 ./emlib/em_assert.o
 .debug_loc     0x00001534      0x7c4 ./emlib/em_cmu.o
 .debug_loc     0x00001cf8      0x22c ./emlib/em_emu.o
 .debug_loc     0x00001f24      0x268 ./emlib/em_gpio.o
 .debug_loc     0x0000218c      0x310 ./emlib/em_leuart.o
 .debug_loc     0x0000249c       0x70 ./emlib/em_prs.o
 .debug_loc     0x0000250c      0x1a8 ./emlib/em_rtc.o
 .debug_loc     0x000026b4      0x49a ./emlib/em_usart.o
 .debug_loc     0x00002b4e      0x138 ./src/main.o

.debug_aranges  0x00000000      0x8a8
 .debug_aranges
                0x00000000       0x50 ./BSP/bsp_bcc.o
 .debug_aranges
                0x00000050       0x48 ./BSP/bsp_stk.o
 .debug_aranges
                0x00000098       0x78 ./BSP/bsp_stk_leds.o
 .debug_aranges
                0x00000110       0x20 ./CMSIS/EFM32ZG/startup_gcc_efm32zg.o
 .debug_aranges
                0x00000130       0x68 ./CMSIS/EFM32ZG/system_efm32zg.o
 .debug_aranges
                0x00000198       0x38 ./Drivers/display.o
 .debug_aranges
                0x000001d0       0x58 ./Drivers/displayls013b7dh03.o
 .debug_aranges
                0x00000228       0xa8 ./Drivers/displaypalemlib.o
 .debug_aranges
                0x000002d0       0x68 ./Drivers/retargetio.o
 .debug_aranges
                0x00000338       0x38 ./Drivers/retargettextdisplay.o
 .debug_aranges
                0x00000370       0x70 ./Drivers/textdisplay.o
 .debug_aranges
                0x000003e0       0x60 ./Drivers/udelay.o
 .debug_aranges
                0x00000440       0x20 ./emlib/em_assert.o
 .debug_aranges
                0x00000460      0x140 ./emlib/em_cmu.o
 .debug_aranges
                0x000005a0       0x70 ./emlib/em_emu.o
 .debug_aranges
                0x00000610       0x70 ./emlib/em_gpio.o
 .debug_aranges
                0x00000680       0x18 ./emlib/em_int.o
 .debug_aranges
                0x00000698       0x88 ./emlib/em_leuart.o
 .debug_aranges
                0x00000720       0x28 ./emlib/em_prs.o
 .debug_aranges
                0x00000748       0x58 ./emlib/em_rtc.o
 .debug_aranges
                0x000007a0       0xc0 ./emlib/em_usart.o
 .debug_aranges
                0x00000860       0x48 ./src/main.o

.debug_ranges   0x00000000      0x730
 .debug_ranges  0x00000000       0x40 ./BSP/bsp_bcc.o
 .debug_ranges  0x00000040       0x38 ./BSP/bsp_stk.o
 .debug_ranges  0x00000078       0x68 ./BSP/bsp_stk_leds.o
 .debug_ranges  0x000000e0       0x58 ./CMSIS/EFM32ZG/system_efm32zg.o
 .debug_ranges  0x00000138       0x28 ./Drivers/display.o
 .debug_ranges  0x00000160       0x48 ./Drivers/displayls013b7dh03.o
 .debug_ranges  0x000001a8       0x98 ./Drivers/displaypalemlib.o
 .debug_ranges  0x00000240       0x58 ./Drivers/retargetio.o
 .debug_ranges  0x00000298       0x28 ./Drivers/retargettextdisplay.o
 .debug_ranges  0x000002c0       0x60 ./Drivers/textdisplay.o
 .debug_ranges  0x00000320       0x50 ./Drivers/udelay.o
 .debug_ranges  0x00000370       0x10 ./emlib/em_assert.o
 .debug_ranges  0x00000380      0x130 ./emlib/em_cmu.o
 .debug_ranges  0x000004b0       0x60 ./emlib/em_emu.o
 .debug_ranges  0x00000510       0x60 ./emlib/em_gpio.o
 .debug_ranges  0x00000570       0x78 ./emlib/em_leuart.o
 .debug_ranges  0x000005e8       0x18 ./emlib/em_prs.o
 .debug_ranges  0x00000600       0x48 ./emlib/em_rtc.o
 .debug_ranges  0x00000648       0xb0 ./emlib/em_usart.o
 .debug_ranges  0x000006f8       0x38 ./src/main.o

.debug_line     0x00000000     0x4404
 .debug_line    0x00000000      0x32a ./BSP/bsp_bcc.o
 .debug_line    0x0000032a      0x1a9 ./BSP/bsp_stk.o
 .debug_line    0x000004d3      0x37f ./BSP/bsp_stk_leds.o
 .debug_line    0x00000852       0x74 ./CMSIS/EFM32ZG/startup_gcc_efm32zg.o
 .debug_line    0x000008c6      0x222 ./CMSIS/EFM32ZG/system_efm32zg.o
 .debug_line    0x00000ae8      0x21a ./Drivers/display.o
 .debug_line    0x00000d02      0x2c0 ./Drivers/displayls013b7dh03.o
 .debug_line    0x00000fc2      0x522 ./Drivers/displaypalemlib.o
 .debug_line    0x000014e4      0x361 ./Drivers/retargetio.o
 .debug_line    0x00001845      0x343 ./Drivers/retargettextdisplay.o
 .debug_line    0x00001b88      0x488 ./Drivers/textdisplay.o
 .debug_line    0x00002010      0x3b2 ./Drivers/udelay.o
 .debug_line    0x000023c2       0x49 ./emlib/em_assert.o
 .debug_line    0x0000240b      0x7e0 ./emlib/em_cmu.o
 .debug_line    0x00002beb      0x3cd ./emlib/em_emu.o
 .debug_line    0x00002fb8      0x382 ./emlib/em_gpio.o
 .debug_line    0x0000333a       0xb6 ./emlib/em_int.o
 .debug_line    0x000033f0      0x35d ./emlib/em_leuart.o
 .debug_line    0x0000374d      0x1fd ./emlib/em_prs.o
 .debug_line    0x0000394a      0x293 ./emlib/em_rtc.o
 .debug_line    0x00003bdd      0x53d ./emlib/em_usart.o
 .debug_line    0x0000411a      0x2ea ./src/main.o

.debug_str      0x00000000     0x30d4
 .debug_str     0x00000000      0x7d3 ./BSP/bsp_bcc.o
                                0x830 (size before relaxing)
 .debug_str     0x000007d3       0x70 ./BSP/bsp_stk.o
                                0x293 (size before relaxing)
 .debug_str     0x00000843      0x195 ./BSP/bsp_stk_leds.o
                                0x67c (size before relaxing)
 .debug_str     0x000009d8      0x1e0 ./CMSIS/EFM32ZG/system_efm32zg.o
                                0x402 (size before relaxing)
 .debug_str     0x00000bb8      0x2a0 ./Drivers/display.o
                                0x47b (size before relaxing)
 .debug_str     0x00000e58       0xe4 ./Drivers/displayls013b7dh03.o
                                0x4db (size before relaxing)
 .debug_str     0x00000f3c      0x471 ./Drivers/displaypalemlib.o
                                0xb7c (size before relaxing)
 .debug_str     0x000013ad      0x4f4 ./Drivers/retargetio.o
                                0x72b (size before relaxing)
 .debug_str     0x000018a1       0xe6 ./Drivers/retargettextdisplay.o
                                0x825 (size before relaxing)
 .debug_str     0x00001987      0x2ff ./Drivers/textdisplay.o
                                0x6d9 (size before relaxing)
 .debug_str     0x00001c86      0x312 ./Drivers/udelay.o
                                0x851 (size before relaxing)
 .debug_str     0x00001f98       0x24 ./emlib/em_assert.o
                                0x157 (size before relaxing)
 .debug_str     0x00001fbc      0x612 ./emlib/em_cmu.o
                                0xbd4 (size before relaxing)
 .debug_str     0x000025ce      0x14a ./emlib/em_emu.o
                                0x448 (size before relaxing)
 .debug_str     0x00002718      0x13a ./emlib/em_gpio.o
                                0x5f1 (size before relaxing)
 .debug_str     0x00002852       0x12 ./emlib/em_int.o
                                0x1fb (size before relaxing)
 .debug_str     0x00002864      0x11d ./emlib/em_leuart.o
                                0x663 (size before relaxing)
 .debug_str     0x00002981       0x82 ./emlib/em_prs.o
                                0x2ad (size before relaxing)
 .debug_str     0x00002a03       0x7d ./emlib/em_rtc.o
                                0x2d7 (size before relaxing)
 .debug_str     0x00002a80      0x56c ./emlib/em_usart.o
                                0xbeb (size before relaxing)
 .debug_str     0x00002fec       0xe8 ./src/main.o
                                0x612 (size before relaxing)

.debug_frame    0x00000000     0x22cc
 .debug_frame   0x00000000       0xec ./BSP/bsp_bcc.o
 .debug_frame   0x000000ec       0xc4 ./BSP/bsp_stk.o
 .debug_frame   0x000001b0      0x190 ./BSP/bsp_stk_leds.o
 .debug_frame   0x00000340      0x138 ./CMSIS/EFM32ZG/system_efm32zg.o
 .debug_frame   0x00000478       0x90 ./Drivers/display.o
 .debug_frame   0x00000508      0x110 ./Drivers/displayls013b7dh03.o
 .debug_frame   0x00000618      0x250 ./Drivers/displaypalemlib.o
 .debug_frame   0x00000868      0x14c ./Drivers/retargetio.o
 .debug_frame   0x000009b4       0x8c ./Drivers/retargettextdisplay.o
 .debug_frame   0x00000a40      0x170 ./Drivers/textdisplay.o
 .debug_frame   0x00000bb0      0x124 ./Drivers/udelay.o
 .debug_frame   0x00000cd4       0x30 ./emlib/em_assert.o
 .debug_frame   0x00000d04      0x494 ./emlib/em_cmu.o
 .debug_frame   0x00001198      0x15c ./emlib/em_emu.o
 .debug_frame   0x000012f4      0x174 ./emlib/em_gpio.o
 .debug_frame   0x00001468      0x1d0 ./emlib/em_leuart.o
 .debug_frame   0x00001638       0x50 ./emlib/em_prs.o
 .debug_frame   0x00001688      0x108 ./emlib/em_rtc.o
 .debug_frame   0x00001790      0x2b4 ./emlib/em_usart.o
 .debug_frame   0x00001a44       0xcc ./src/main.o
 .debug_frame   0x00001b10       0x20 /home/nika/Software/SimplicityStudio4/SimplicityStudio_v4/developer/toolchains/gnu_arm/4.8_2013q4/bin/../lib/gcc/arm-none-eabi/4.8.3/armv6-m/libgcc.a(_udivsi3.o)
 .debug_frame   0x00001b30       0x28 /home/nika/Software/SimplicityStudio4/SimplicityStudio_v4/developer/toolchains/gnu_arm/4.8_2013q4/bin/../lib/gcc/arm-none-eabi/4.8.3/../../../../arm-none-eabi/lib/armv6-m/libc_s.a(lib_a-exit.o)
 .debug_frame   0x00001b58       0x2c /home/nika/Software/SimplicityStudio4/SimplicityStudio_v4/developer/toolchains/gnu_arm/4.8_2013q4/bin/../lib/gcc/arm-none-eabi/4.8.3/../../../../arm-none-eabi/lib/armv6-m/libc_s.a(lib_a-fileno.o)
 .debug_frame   0x00001b84      0x148 /home/nika/Software/SimplicityStudio4/SimplicityStudio_v4/developer/toolchains/gnu_arm/4.8_2013q4/bin/../lib/gcc/arm-none-eabi/4.8.3/../../../../arm-none-eabi/lib/armv6-m/libc_s.a(lib_a-findfp.o)
 .debug_frame   0x00001ccc       0x2c /home/nika/Software/SimplicityStudio4/SimplicityStudio_v4/developer/toolchains/gnu_arm/4.8_2013q4/bin/../lib/gcc/arm-none-eabi/4.8.3/../../../../arm-none-eabi/lib/armv6-m/libc_s.a(lib_a-init.o)
 .debug_frame   0x00001cf8       0x28 /home/nika/Software/SimplicityStudio4/SimplicityStudio_v4/developer/toolchains/gnu_arm/4.8_2013q4/bin/../lib/gcc/arm-none-eabi/4.8.3/../../../../arm-none-eabi/lib/armv6-m/libc_s.a(lib_a-memcpy-stub.o)
 .debug_frame   0x00001d20       0x20 /home/nika/Software/SimplicityStudio4/SimplicityStudio_v4/developer/toolchains/gnu_arm/4.8_2013q4/bin/../lib/gcc/arm-none-eabi/4.8.3/../../../../arm-none-eabi/lib/armv6-m/libc_s.a(lib_a-memset.o)
 .debug_frame   0x00001d40       0x2c /home/nika/Software/SimplicityStudio4/SimplicityStudio_v4/developer/toolchains/gnu_arm/4.8_2013q4/bin/../lib/gcc/arm-none-eabi/4.8.3/../../../../arm-none-eabi/lib/armv6-m/libc_s.a(lib_a-nano-mallocr.o)
 .debug_frame   0x00001d6c       0x50 /home/nika/Software/SimplicityStudio4/SimplicityStudio_v4/developer/toolchains/gnu_arm/4.8_2013q4/bin/../lib/gcc/arm-none-eabi/4.8.3/../../../../arm-none-eabi/lib/armv6-m/libc_s.a(lib_a-printf.o)
 .debug_frame   0x00001dbc       0x2c /home/nika/Software/SimplicityStudio4/SimplicityStudio_v4/developer/toolchains/gnu_arm/4.8_2013q4/bin/../lib/gcc/arm-none-eabi/4.8.3/../../../../arm-none-eabi/lib/armv6-m/libc_s.a(lib_a-sbrkr.o)
 .debug_frame   0x00001de8       0x34 /home/nika/Software/SimplicityStudio4/SimplicityStudio_v4/developer/toolchains/gnu_arm/4.8_2013q4/bin/../lib/gcc/arm-none-eabi/4.8.3/../../../../arm-none-eabi/lib/armv6-m/libc_s.a(lib_a-setvbuf.o)
 .debug_frame   0x00001e1c       0x90 /home/nika/Software/SimplicityStudio4/SimplicityStudio_v4/developer/toolchains/gnu_arm/4.8_2013q4/bin/../lib/gcc/arm-none-eabi/4.8.3/../../../../arm-none-eabi/lib/armv6-m/libc_s.a(lib_a-stdio.o)
 .debug_frame   0x00001eac       0x20 /home/nika/Software/SimplicityStudio4/SimplicityStudio_v4/developer/toolchains/gnu_arm/4.8_2013q4/bin/../lib/gcc/arm-none-eabi/4.8.3/../../../../arm-none-eabi/lib/armv6-m/libc_s.a(lib_a-strlen.o)
 .debug_frame   0x00001ecc       0x28 /home/nika/Software/SimplicityStudio4/SimplicityStudio_v4/developer/toolchains/gnu_arm/4.8_2013q4/bin/../lib/gcc/arm-none-eabi/4.8.3/../../../../arm-none-eabi/lib/armv6-m/libc_s.a(lib_a-strncmp.o)
 .debug_frame   0x00001ef4       0xa0 /home/nika/Software/SimplicityStudio4/SimplicityStudio_v4/developer/toolchains/gnu_arm/4.8_2013q4/bin/../lib/gcc/arm-none-eabi/4.8.3/../../../../arm-none-eabi/lib/armv6-m/libc_s.a(lib_a-vfprintf.o)
 .debug_frame   0x00001f94       0x54 /home/nika/Software/SimplicityStudio4/SimplicityStudio_v4/developer/toolchains/gnu_arm/4.8_2013q4/bin/../lib/gcc/arm-none-eabi/4.8.3/../../../../arm-none-eabi/lib/armv6-m/libc_s.a(lib_a-vfprintf_i.o)
 .debug_frame   0x00001fe8       0x44 /home/nika/Software/SimplicityStudio4/SimplicityStudio_v4/developer/toolchains/gnu_arm/4.8_2013q4/bin/../lib/gcc/arm-none-eabi/4.8.3/../../../../arm-none-eabi/lib/armv6-m/libc_s.a(lib_a-wbuf.o)
 .debug_frame   0x0000202c       0x2c /home/nika/Software/SimplicityStudio4/SimplicityStudio_v4/developer/toolchains/gnu_arm/4.8_2013q4/bin/../lib/gcc/arm-none-eabi/4.8.3/../../../../arm-none-eabi/lib/armv6-m/libc_s.a(lib_a-writer.o)
 .debug_frame   0x00002058       0x2c /home/nika/Software/SimplicityStudio4/SimplicityStudio_v4/developer/toolchains/gnu_arm/4.8_2013q4/bin/../lib/gcc/arm-none-eabi/4.8.3/../../../../arm-none-eabi/lib/armv6-m/libc_s.a(lib_a-wsetup.o)
 .debug_frame   0x00002084       0x2c /home/nika/Software/SimplicityStudio4/SimplicityStudio_v4/developer/toolchains/gnu_arm/4.8_2013q4/bin/../lib/gcc/arm-none-eabi/4.8.3/../../../../arm-none-eabi/lib/armv6-m/libc_s.a(lib_a-closer.o)
 .debug_frame   0x000020b0       0x68 /home/nika/Software/SimplicityStudio4/SimplicityStudio_v4/developer/toolchains/gnu_arm/4.8_2013q4/bin/../lib/gcc/arm-none-eabi/4.8.3/../../../../arm-none-eabi/lib/armv6-m/libc_s.a(lib_a-fflush.o)
 .debug_frame   0x00002118       0x2c /home/nika/Software/SimplicityStudio4/SimplicityStudio_v4/developer/toolchains/gnu_arm/4.8_2013q4/bin/../lib/gcc/arm-none-eabi/4.8.3/../../../../arm-none-eabi/lib/armv6-m/libc_s.a(lib_a-lseekr.o)
 .debug_frame   0x00002144       0x30 /home/nika/Software/SimplicityStudio4/SimplicityStudio_v4/developer/toolchains/gnu_arm/4.8_2013q4/bin/../lib/gcc/arm-none-eabi/4.8.3/../../../../arm-none-eabi/lib/armv6-m/libc_s.a(lib_a-makebuf.o)
 .debug_frame   0x00002174       0x40 /home/nika/Software/SimplicityStudio4/SimplicityStudio_v4/developer/toolchains/gnu_arm/4.8_2013q4/bin/../lib/gcc/arm-none-eabi/4.8.3/../../../../arm-none-eabi/lib/armv6-m/libc_s.a(lib_a-malloc.o)
 .debug_frame   0x000021b4       0x20 /home/nika/Software/SimplicityStudio4/SimplicityStudio_v4/developer/toolchains/gnu_arm/4.8_2013q4/bin/../lib/gcc/arm-none-eabi/4.8.3/../../../../arm-none-eabi/lib/armv6-m/libc_s.a(lib_a-memchr-stub.o)
 .debug_frame   0x000021d4       0x2c /home/nika/Software/SimplicityStudio4/SimplicityStudio_v4/developer/toolchains/gnu_arm/4.8_2013q4/bin/../lib/gcc/arm-none-eabi/4.8.3/../../../../arm-none-eabi/lib/armv6-m/libc_s.a(lib_a-nano-freer.o)
 .debug_frame   0x00002200       0x2c /home/nika/Software/SimplicityStudio4/SimplicityStudio_v4/developer/toolchains/gnu_arm/4.8_2013q4/bin/../lib/gcc/arm-none-eabi/4.8.3/../../../../arm-none-eabi/lib/armv6-m/libc_s.a(lib_a-readr.o)
 .debug_frame   0x0000222c       0x48 /home/nika/Software/SimplicityStudio4/SimplicityStudio_v4/developer/toolchains/gnu_arm/4.8_2013q4/bin/../lib/gcc/arm-none-eabi/4.8.3/../../../../arm-none-eabi/lib/armv6-m/libc_s.a(lib_a-reent.o)
 .debug_frame   0x00002274       0x2c /home/nika/Software/SimplicityStudio4/SimplicityStudio_v4/developer/toolchains/gnu_arm/4.8_2013q4/bin/../lib/gcc/arm-none-eabi/4.8.3/../../../../arm-none-eabi/lib/armv6-m/libc_s.a(lib_a-fstatr.o)
 .debug_frame   0x000022a0       0x2c /home/nika/Software/SimplicityStudio4/SimplicityStudio_v4/developer/toolchains/gnu_arm/4.8_2013q4/bin/../lib/gcc/arm-none-eabi/4.8.3/../../../../arm-none-eabi/lib/armv6-m/libc_s.a(lib_a-isattyr.o)
